Component: ARM Compiler 5.06 update 6 (build 750) Tool: armlink [4d35ed]

==============================================================================

Section Cross References

    isr.o(i.DMA1_Channel1_IRQHandler) refers to hal_dma.o(i.DMA_GetFlagStatus) for DMA_GetFlagStatus
    isr.o(i.DMA1_Channel1_IRQHandler) refers to hal_dma.o(i.DMA_ClearFlag) for DMA_ClearFlag
    isr.o(i.DMA1_Channel2_IRQHandler) refers to hal_dma.o(i.DMA_GetFlagStatus) for DMA_GetFlagStatus
    isr.o(i.DMA1_Channel2_IRQHandler) refers to hal_dma.o(i.DMA_ClearFlag) for DMA_ClearFlag
    isr.o(i.DMA1_Channel3_IRQHandler) refers to hal_dma.o(i.DMA_GetFlagStatus) for DMA_GetFlagStatus
    isr.o(i.DMA1_Channel3_IRQHandler) refers to hal_dma.o(i.DMA_ClearFlag) for DMA_ClearFlag
    isr.o(i.DMA1_Channel4_IRQHandler) refers to hal_dma.o(i.DMA_GetFlagStatus) for DMA_GetFlagStatus
    isr.o(i.DMA1_Channel4_IRQHandler) refers to hal_dma.o(i.DMA_ClearFlag) for DMA_ClearFlag
    isr.o(i.DMA1_Channel4_IRQHandler) refers to seekfree_mt9v03x.o(i.mt9v03x_dma) for mt9v03x_dma
    isr.o(i.DMA1_Channel5_IRQHandler) refers to hal_dma.o(i.DMA_GetFlagStatus) for DMA_GetFlagStatus
    isr.o(i.DMA1_Channel5_IRQHandler) refers to hal_dma.o(i.DMA_ClearFlag) for DMA_ClearFlag
    isr.o(i.DMA1_Channel6_IRQHandler) refers to hal_dma.o(i.DMA_GetFlagStatus) for DMA_GetFlagStatus
    isr.o(i.DMA1_Channel6_IRQHandler) refers to hal_dma.o(i.DMA_ClearFlag) for DMA_ClearFlag
    isr.o(i.DMA1_Channel7_IRQHandler) refers to hal_dma.o(i.DMA_GetFlagStatus) for DMA_GetFlagStatus
    isr.o(i.DMA1_Channel7_IRQHandler) refers to hal_dma.o(i.DMA_ClearFlag) for DMA_ClearFlag
    isr.o(i.DMA2_Channel1_IRQHandler) refers to hal_dma.o(i.DMA_GetFlagStatus) for DMA_GetFlagStatus
    isr.o(i.DMA2_Channel1_IRQHandler) refers to hal_dma.o(i.DMA_ClearFlag) for DMA_ClearFlag
    isr.o(i.DMA2_Channel2_IRQHandler) refers to hal_dma.o(i.DMA_GetFlagStatus) for DMA_GetFlagStatus
    isr.o(i.DMA2_Channel2_IRQHandler) refers to hal_dma.o(i.DMA_ClearFlag) for DMA_ClearFlag
    isr.o(i.DMA2_Channel3_IRQHandler) refers to hal_dma.o(i.DMA_GetFlagStatus) for DMA_GetFlagStatus
    isr.o(i.DMA2_Channel3_IRQHandler) refers to hal_dma.o(i.DMA_ClearFlag) for DMA_ClearFlag
    isr.o(i.DMA2_Channel4_IRQHandler) refers to hal_dma.o(i.DMA_GetFlagStatus) for DMA_GetFlagStatus
    isr.o(i.DMA2_Channel4_IRQHandler) refers to hal_dma.o(i.DMA_ClearFlag) for DMA_ClearFlag
    isr.o(i.DMA2_Channel5_IRQHandler) refers to hal_dma.o(i.DMA_GetFlagStatus) for DMA_GetFlagStatus
    isr.o(i.DMA2_Channel5_IRQHandler) refers to hal_dma.o(i.DMA_ClearFlag) for DMA_ClearFlag
    isr.o(i.EXTI0_IRQHandler) refers to hal_exti.o(i.EXTI_ClearFlag) for EXTI_ClearFlag
    isr.o(i.EXTI15_10_IRQHandler) refers to hal_exti.o(i.EXTI_GetITStatus) for EXTI_GetITStatus
    isr.o(i.EXTI15_10_IRQHandler) refers to hal_exti.o(i.EXTI_ClearFlag) for EXTI_ClearFlag
    isr.o(i.EXTI1_IRQHandler) refers to hal_exti.o(i.EXTI_ClearFlag) for EXTI_ClearFlag
    isr.o(i.EXTI2_IRQHandler) refers to hal_exti.o(i.EXTI_ClearFlag) for EXTI_ClearFlag
    isr.o(i.EXTI3_IRQHandler) refers to hal_exti.o(i.EXTI_ClearFlag) for EXTI_ClearFlag
    isr.o(i.EXTI4_IRQHandler) refers to hal_exti.o(i.EXTI_ClearFlag) for EXTI_ClearFlag
    isr.o(i.EXTI9_5_IRQHandler) refers to hal_exti.o(i.EXTI_GetITStatus) for EXTI_GetITStatus
    isr.o(i.EXTI9_5_IRQHandler) refers to hal_exti.o(i.EXTI_ClearFlag) for EXTI_ClearFlag
    isr.o(i.EXTI9_5_IRQHandler) refers to seekfree_mt9v03x.o(i.mt9v03x_vsync) for mt9v03x_vsync
    isr.o(i.TIM6_IRQHandler) refers to ffltui.o(.text) for __aeabi_ui2f
    isr.o(i.TIM6_IRQHandler) refers to fflti.o(.text) for __aeabi_i2f
    isr.o(i.TIM6_IRQHandler) refers to vcan.o(i.vcan_sendware) for vcan_sendware
    isr.o(i.TIM6_IRQHandler) refers to isr.o(.data) for row0
    isr.o(i.TIM6_IRQHandler) refers to vcan.o(.bss) for DataBuf
    isr.o(i.TIM6_IRQHandler) refers to img_process.o(.data) for RightEdge_X
    isr.o(i.TIM6_IRQHandler) refers to img_process.o(.bss) for LeftEdge_X
    isr.o(i.TIM8_UP_IRQHandler) refers to control.o(i.Control) for Control
    isr.o(i.UART4_IRQHandler) refers to seekfree_wireless.o(i.wireless_uart_callback) for wireless_uart_callback
    isr.o(i.UART8_IRQHandler) refers to seekfree_mt9v03x.o(i.mt9v03x_uart_callback) for mt9v03x_uart_callback
    main.o(i.main) refers to board.o(i.board_init) for board_init
    main.o(i.main) refers to init.o(i.allInit) for allInit
    main.o(i.main) refers to init.o(i.openIsr) for openIsr
    main.o(i.main) refers to inductor.o(i.Get_AD_data) for Get_AD_data
    main.o(i.main) refers to img_process.o(i.Get_Road) for Get_Road
    main.o(i.main) refers to seekfree_ips114_spi.o(i.ips114_showint16) for ips114_showint16
    main.o(i.main) refers to f2d.o(.text) for __aeabi_f2d
    main.o(i.main) refers to seekfree_ips114_spi.o(i.ips114_showfloat) for ips114_showfloat
    main.o(i.main) refers to seekfree_ips114_spi.o(i.ips114_displayimage032) for ips114_displayimage032
[...]
    i.LeftStraightLineCount                  0x08003490   Section        0  img_process.o(i.LeftStraightLineCount)
    i.MemManage_Handler                      0x080035c4   Section        0  common.o(i.MemManage_Handler)
    i.MotorConrtol                           0x080035c8   Section        0  control.o(i.MotorConrtol)
    i.Motor_Init                             0x08003654   Section        0  motor.o(i.Motor_Init)
    i.Motor_Run                              0x080036a0   Section        0  motor.o(i.Motor_Run)
    i.NMI_Handler                            0x08003758   Section        0  common.o(i.NMI_Handler)
    i.NVIC_Init                              0x0800375c   Section        0  hal_misc.o(i.NVIC_Init)
    i.PendSV_Handler                         0x080037c8   Section        0  common.o(i.PendSV_Handler)
    i.RCC_AHBPeriphClockCmd                  0x080037cc   Section        0  hal_rcc.o(i.RCC_AHBPeriphClockCmd)
    i.RCC_APB1PeriphClockCmd                 0x080037ec   Section        0  hal_rcc.o(i.RCC_APB1PeriphClockCmd)
    i.RCC_APB2PeriphClockCmd                 0x0800380c   Section        0  hal_rcc.o(i.RCC_APB2PeriphClockCmd)
    i.Ramp                                   0x0800382c   Section        0  img_process.o(i.Ramp)
    i.RightRound                             0x08003a14   Section        0  img_process.o(i.RightRound)
    i.RightStraightLineCount                 0x0800400c   Section        0  img_process.o(i.RightStraightLineCount)
    i.SVC_Handler                            0x08004140   Section        0  common.o(i.SVC_Handler)
    i.SetSysClock                            0x08004144   Section        0  system_mm32f327x.o(i.SetSysClock)
    SetSysClock                              0x08004145   Thumb Code    44  system_mm32f327x.o(i.SetSysClock)
    i.SetSysClockToXX                        0x08004174   Section        0  system_mm32f327x.o(i.SetSysClockToXX)
    SetSysClockToXX                          0x08004175   Thumb Code   462  system_mm32f327x.o(i.SetSysClockToXX)
    i.SpeedConrtol                           0x08004368   Section        0  control.o(i.SpeedConrtol)
    i.SpeedSmoothOutput                      0x080044ec   Section        0  control.o(i.SpeedSmoothOutput)
    i.SystemInit                             0x08004540   Section        0  system_mm32f327x.o(i.SystemInit)
    i.TIM1_UP_IRQHandler                     0x080045a4   Section        0  isr.o(i.TIM1_UP_IRQHandler)
    i.TIM2_IRQHandler                        0x080045b8   Section        0  isr.o(i.TIM2_IRQHandler)
    i.TIM3_IRQHandler                        0x080045cc   Section        0  isr.o(i.TIM3_IRQHandler)
    i.TIM4_IRQHandler                        0x080045e0   Section        0  isr.o(i.TIM4_IRQHandler)
    i.TIM5_IRQHandler                        0x080045f4   Section        0  isr.o(i.TIM5_IRQHandler)
    i.TIM6_IRQHandler                        0x08004608   Section        0  isr.o(i.TIM6_IRQHandler)
    i.TIM7_IRQHandler                        0x08004674   Section        0  isr.o(i.TIM7_IRQHandler)
    i.TIM8_UP_IRQHandler                     0x08004688   Section        0  isr.o(i.TIM8_UP_IRQHandler)
    i.TIM_Cmd                                0x080046a4   Section        0  hal_tim.o(i.TIM_Cmd)
    i.TIM_DMACmd                             0x080046ba   Section        0  hal_tim.o(i.TIM_DMACmd)
    i.TIM_ETRClockMode1Config                0x080046cc   Section        0  hal_tim.o(i.TIM_ETRClockMode1Config)
    i.TIM_ETRConfig                          0x080046ec   Section        0  hal_tim.o(i.TIM_ETRConfig)
    i.TIM_SelectInputTrigger                 0x08004718   Section        0  hal_tim.o(i.TIM_SelectInputTrigger)
    i.TIM_SelectMasterSlaveMode              0x08004724   Section        0  hal_tim.o(i.TIM_SelectMasterSlaveMode)
    i.TIM_SelectSlaveMode                    0x08004730   Section        0  hal_tim.o(i.TIM_SelectSlaveMode)
    i.TIM_TimeBaseInit                       0x0800473c   Section        0  hal_tim.o(i.TIM_TimeBaseInit)
    i.TrackBothEdge                          0x080047b4   Section        0  img_process.o(i.TrackBothEdge)
    i.UART1_IRQHandler                       0x08004f64   Section        0  isr.o(i.UART1_IRQHandler)
    i.UART2_IRQHandler                       0x08004fa0   Section        0  isr.o(i.UART2_IRQHandler)
    i.UART3_IRQHandler                       0x08004fdc   Section        0  isr.o(i.UART3_IRQHandler)
    i.UART4_IRQHandler                       0x08005018   Section        0  isr.o(i.UART4_IRQHandler)
    i.UART5_IRQHandler                       0x08005058   Section        0  isr.o(i.UART5_IRQHandler)
    i.UART6_IRQHandler                       0x0800508c   Section        0  isr.o(i.UART6_IRQHandler)
    i.UART7_IRQHandler                       0x080050c8   Section        0  isr.o(i.UART7_IRQHandler)
    i.UART8_IRQHandler                       0x08005104   Section        0  isr.o(i.UART8_IRQHandler)
    i.UsageFault_Handler                     0x08005144   Section        0  common.o(i.UsageFault_Handler)
    i.VariableReset                          0x08005148   Section        0  img_process.o(i.VariableReset)
    i.Zebra                                  0x080051d8   Section        0  img_process.o(i.Zebra)
    i.__ARM_fpclassify                       0x0800592c   Section        0  fpclassify.o(i.__ARM_fpclassify)
    i.__kernel_poly                          0x08005954   Section        0  poly.o(i.__kernel_poly)
    i.__mathlib_dbl_infnan                   0x080059fe   Section        0  dunder.o(i.__mathlib_dbl_infnan)
    i.__mathlib_dbl_invalid                  0x08005a04   Section        0  dunder.o(i.__mathlib_dbl_invalid)
    i.__mathlib_dbl_underflow                0x08005a10   Section        0  dunder.o(i.__mathlib_dbl_underflow)
    i.__scatterload_copy                     0x08005a20   Section       14  handlers.o(i.__scatterload_copy)
    i.__scatterload_null                     0x08005a2e   Section        2  handlers.o(i.__scatterload_null)
    i.__scatterload_zeroinit                 0x08005a30   Section       14  handlers.o(i.__scatterload_zeroinit)
    i.__set_errno                            0x08005a40   Section        0  errno.o(i.__set_errno)
    i.adc_convert                            0x08005a4c   Section        0  zf_adc.o(i.adc_convert)
    i.adc_init                               0x08005ab4   Section        0  zf_adc.o(i.adc_init)
    i.adc_pin_init                           0x08005bb8   Section        0  zf_adc.o(i.adc_pin_init)
    adc_pin_init                             0x08005bb9   Thumb Code    26  zf_adc.o(i.adc_pin_init)
    i.afio_init                              0x08005bd4   Section        0  zf_gpio.o(i.afio_init)
    i.allInit                                0x08005cb8   Section        0  init.o(i.allInit)
    i.asin                                   0x08005ce4   Section        0  asin.o(i.asin)
    i.bend_detect                            0x08005f54   Section        0  img_process.o(i.bend_detect)
    i.board_init                             0x08005fac   Section        0  board.o(i.board_init)
    i.camera_dma_init                        0x08005fc4   Section        0  zf_camera.o(i.camera_dma_init)
    i.camera_tim_etr_init                    0x08006040   Section        0  zf_camera.o(i.camera_tim_etr_init)
    i.encoder_init                           0x0800615c   Section        0  encoder.o(i.encoder_init)
    i.erchengfa                              0x0800617c   Section        0  img_process.o(i.erchengfa)
    i.err_calculation                        0x0800621c   Section        0  img_process.o(i.err_calculation)
    i.exti_interrupt_init                    0x08006274   Section        0  zf_exti.o(i.exti_interrupt_init)
    i.get_config                             0x08006348   Section        0  seekfree_mt9v03x.o(i.get_config)
    i.get_icm20602_accdata_spi               0x080063b0   Section        0  seekfree_icm20602.o(i.get_icm20602_accdata_spi)
    i.get_icm20602_gyro_spi                  0x08006404   Section        0  seekfree_icm20602.o(i.get_icm20602_gyro_spi)
    i.gpio_init                              0x08006458   Section        0  zf_gpio.o(i.gpio_init)
    i.grey_scale                             0x080065a4   Section        0  img_process.o(i.grey_scale)
    i.icm20602_init_spi                      0x08006660   Section        0  seekfree_icm20602.o(i.icm20602_init_spi)
    i.icm20602_self3_check                   0x0800672c   Section        0  seekfree_icm20602.o(i.icm20602_self3_check)
    icm20602_self3_check                     0x0800672d   Thumb Code    32  seekfree_icm20602.o(i.icm20602_self3_check)
    i.icm_spi_r_reg_byte                     0x0800674c   Section        0  seekfree_icm20602.o(i.icm_spi_r_reg_byte)
    icm_spi_r_reg_byte                       0x0800674d   Thumb Code    72  seekfree_icm20602.o(i.icm_spi_r_reg_byte)
    i.icm_spi_r_reg_bytes                    0x08006798   Section        0  seekfree_icm20602.o(i.icm_spi_r_reg_bytes)
    icm_spi_r_reg_bytes                      0x08006799   Thumb Code    52  seekfree_icm20602.o(i.icm_spi_r_reg_bytes)
    i.icm_spi_w_reg_byte                     0x080067d0   Section        0  seekfree_icm20602.o(i.icm_spi_w_reg_byte)
    icm_spi_w_reg_byte                       0x080067d1   Thumb Code    60  seekfree_icm20602.o(i.icm_spi_w_reg_byte)
    i.ips114_clear                           0x08006810   Section        0  seekfree_ips114_spi.o(i.ips114_clear)
    i.ips114_displayimage032                 0x08006840   Section        0  seekfree_ips114_spi.o(i.ips114_displayimage032)
    i.ips114_drawpoint                       0x08006910   Section        0  seekfree_ips114_spi.o(i.ips114_drawpoint)
    i.ips114_init                            0x0800692c   Section        0  seekfree_ips114_spi.o(i.ips114_init)
    i.ips114_set_region                      0x08006b30   Section        0  seekfree_ips114_spi.o(i.ips114_set_region)
    ips114_set_region                        0x08006b31   Thumb Code    74  seekfree_ips114_spi.o(i.ips114_set_region)
    i.ips114_showchar                        0x08006b7c   Section        0  seekfree_ips114_spi.o(i.ips114_showchar)
    i.ips114_showfloat                       0x08006bec   Section        0  seekfree_ips114_spi.o(i.ips114_showfloat)
    i.ips114_showint16                       0x08006cac   Section        0  seekfree_ips114_spi.o(i.ips114_showint16)
    i.ips114_showstr                         0x08006d6e   Section        0  seekfree_ips114_spi.o(i.ips114_showstr)
    i.ips114_writeData                       0x08006da0   Section        0  seekfree_ips114_spi.o(i.ips114_writeData)
    ips114_writeData                         0x08006da1   Thumb Code    64  seekfree_ips114_spi.o(i.ips114_writeData)
    i.ips114_writeIndex                      0x08006de4   Section        0  seekfree_ips114_spi.o(i.ips114_writeIndex)
    ips114_writeIndex                        0x08006de5   Thumb Code    64  seekfree_ips114_spi.o(i.ips114_writeIndex)
    i.ips114_writedata_16bit                 0x08006e28   Section        0  seekfree_ips114_spi.o(i.ips114_writedata_16bit)
    ips114_writedata_16bit                   0x08006e29   Thumb Code    78  seekfree_ips114_spi.o(i.ips114_writedata_16bit)
    i.main                                   0x08006e7c   Section        0  main.o(i.main)
    i.mt9v03x_dma                            0x08006fe0   Section        0  seekfree_mt9v03x.o(i.mt9v03x_dma)
    i.mt9v03x_dma_init                       0x08007000   Section        0  seekfree_mt9v03x.o(i.mt9v03x_dma_init)
    i.mt9v03x_exti_init                      0x08007050   Section        0  seekfree_mt9v03x.o(i.mt9v03x_exti_init)
    i.mt9v03x_init                           0x08007078   Section        0  seekfree_mt9v03x.o(i.mt9v03x_init)
    i.mt9v03x_tim1_etr_init                  0x080070f4   Section        0  seekfree_mt9v03x.o(i.mt9v03x_tim1_etr_init)
    i.mt9v03x_uart_callback                  0x08007104   Section        0  seekfree_mt9v03x.o(i.mt9v03x_uart_callback)
    i.mt9v03x_vsync                          0x08007158   Section        0  seekfree_mt9v03x.o(i.mt9v03x_vsync)
    i.number_conversion_ascii                0x08007170   Section        0  seekfree_printf.o(i.number_conversion_ascii)
    i.nvic_init                              0x080071f8   Section        0  common.o(i.nvic_init)
    i.openIsr                                0x0800721c   Section        0  init.o(i.openIsr)
    i.printf_reverse_order                   0x0800722e   Section        0  seekfree_printf.o(i.printf_reverse_order)
    i.pwm_duty_updata                        0x08007250   Section        0  zf_pwm.o(i.pwm_duty_updata)
    i.pwm_init                               0x08007300   Section        0  zf_pwm.o(i.pwm_init)
    i.pwm_pin_init                           0x08007588   Section        0  zf_pwm.o(i.pwm_pin_init)
    pwm_pin_init                             0x08007589   Thumb Code    20  zf_pwm.o(i.pwm_pin_init)
    i.seekfree_wireless_init                 0x0800759c   Section        0  seekfree_wireless.o(i.seekfree_wireless_init)
    i.set_config                             0x080075b8   Section        0  seekfree_mt9v03x.o(i.set_config)
    i.spi_init                               0x08007630   Section        0  zf_spi.o(i.spi_init)
    i.spi_mosi                               0x080077f0   Section        0  zf_spi.o(i.spi_mosi)
    i.spi_pin_init                           0x08007840   Section        0  zf_spi.o(i.spi_pin_init)
    spi_pin_init                             0x08007841   Thumb Code    88  zf_spi.o(i.spi_pin_init)
    i.sqrt                                   0x08007898   Section        0  sqrt.o(i.sqrt)
    i.systick_delay                          0x080078e4   Section        0  zf_systick.o(i.systick_delay)
    i.systick_delay_ms                       0x0800790c   Section        0  zf_systick.o(i.systick_delay_ms)
    i.tim_encoder_get_count                  0x08007934   Section        0  zf_tim.o(i.tim_encoder_get_count)
    i.tim_encoder_init                       0x08007968   Section        0  zf_tim.o(i.tim_encoder_init)
    i.tim_encoder_pin_init                   0x08007a58   Section        0  zf_tim.o(i.tim_encoder_pin_init)
    tim_encoder_pin_init                     0x08007a59   Thumb Code    20  zf_tim.o(i.tim_encoder_pin_init)
    i.tim_interrupt_init_ms                  0x08007a6c   Section        0  zf_pit.o(i.tim_interrupt_init_ms)
    i.uart_init                              0x08007b64   Section        0  zf_uart.o(i.uart_init)
    i.uart_pin_init                          0x08007cf8   Section        0  zf_uart.o(i.uart_pin_init)
    uart_pin_init                            0x08007cf9   Thumb Code    36  zf_uart.o(i.uart_pin_init)
    i.uart_putbuff                           0x08007d1c   Section        0  zf_uart.o(i.uart_putbuff)
    i.uart_putchar                           0x08007d4c   Section        0  zf_uart.o(i.uart_putchar)
    i.uart_rx_irq                            0x08007d6c   Section        0  zf_uart.o(i.uart_rx_irq)
    i.vcan_sendware                          0x08007db8   Section        0  vcan.o(i.vcan_sendware)
    i.wireless_uart_callback                 0x08007e1c   Section        0  seekfree_wireless.o(i.wireless_uart_callback)
    i.zf_sprintf                             0x08007e60   Section        0  seekfree_printf.o(i.zf_sprintf)
    .constdata                               0x08008144   Section     7048  seekfree_font.o(.constdata)
    .constdata                               0x08009cd0   Section       80  asin.o(.constdata)
    pS                                       0x08009cd0   Data          48  asin.o(.constdata)
    qS                                       0x08009d00   Data          32  asin.o(.constdata)
    .data                                    0x20000000   Section        9  isr.o(.data)
    row0                                     0x20000008   Data           1  isr.o(.data)
    .data                                    0x20000009   Section       10  main.o(.data)
    .data                                    0x20000014   Section       24  control.o(.data)
    max_flag                                 0x2000001c   Data           1  control.o(.data)
    max_count                                0x2000001d   Data           1  control.o(.data)
    ts                                       0x2000001e   Data           1  control.o(.data)
    BrakeIntegral_L                          0x20000020   Data           4  control.o(.data)
    BrakeIntegral_R                          0x20000024   Data           4  control.o(.data)
    t                                        0x20000028   Data           1  control.o(.data)
    t5                                       0x20000029   Data           1  control.o(.data)
    t1                                       0x2000002a   Data           1  control.o(.data)
    tr                                       0x2000002b   Data           1  control.o(.data)
    .data                                    0x2000002c   Section       10  encoder.o(.data)
    .data                                    0x20000038   Section       72  imu.o(.data)
    .data                                    0x20000080   Section      280  img_process.o(.data)
    start                                    0x20000174   Data           1  img_process.o(.data)
    inherit                                  0x20000175   Data           1  img_process.o(.data)
    ZebraCount                               0x20000176   Data           1  img_process.o(.data)
    stage                                    0x20000177   Data           1  img_process.o(.data)
    through_flag                             0x20000178   Data           1  img_process.o(.data)
    start_line                               0x20000179   Data           1  img_process.o(.data)
    t                                        0x2000017a   Data           1  img_process.o(.data)
    k                                        0x2000017c   Data           4  img_process.o(.data)
    ByroadCount                              0x20000180   Data           1  img_process.o(.data)
    t                                        0x20000181   Data           1  img_process.o(.data)
    t                                        0x20000182   Data           1  img_process.o(.data)
    stage                                    0x20000183   Data           1  img_process.o(.data)
    stage                                    0x20000184   Data           1  img_process.o(.data)
    step                                     0x20000185   Data           1  img_process.o(.data)
    t                                        0x20000188   Data           4  img_process.o(.data)
    stage                                    0x2000018c   Data           4  img_process.o(.data)
    step                                     0x20000190   Data           4  img_process.o(.data)
    t                                        0x20000194   Data           4  img_process.o(.data)
    .data                                    0x20000198   Section        8  common.o(.data)
    .data                                    0x200001a0   Section       20  system_mm32f327x.o(.data)
    .data                                    0x200001b4   Section       15  zf_adc.o(.data)
    .data                                    0x200001c4   Section       32  zf_gpio.o(.data)
    .data                                    0x200001e4   Section       12  zf_spi.o(.data)
    .data                                    0x200001f0   Section       32  zf_tim.o(.data)
    .data                                    0x20000210   Section       40  zf_uart.o(.data)
    .data                                    0x20000238   Section       12  seekfree_icm20602.o(.data)
    .data                                    0x20000244   Section       74  seekfree_mt9v03x.o(.data)
    receive                                  0x20000245   Data           3  seekfree_mt9v03x.o(.data)
    receive_num                              0x20000248   Data           1  seekfree_mt9v03x.o(.data)
    uart_receive_flag                        0x20000249   Data           1  seekfree_mt9v03x.o(.data)
    .data                                    0x2000028e   Section        2  seekfree_wireless.o(.data)
    .data                                    0x20000290   Section        4  errno.o(.data)
    _errno                                   0x20000290   Data           4  errno.o(.data)
    .bss                                     0x20000294   Section      184  control.o(.bss)
    .bss                                     0x2000034c   Section       82  inductor.o(.bss)
    .bss                                     0x200003a0   Section       48  vcan.o(.bss)
    .bss                                     0x200003d0   Section      180  img_process.o(.bss)
    .bss                                     0x20000484   Section    10800  seekfree_mt9v03x.o(.bss)
    .bss                                     0x20002eb4   Section       16  seekfree_wireless.o(.bss)
    STACK                                    0x20002ec8   Section     1024  startup_mm32f327x_keil.o(STACK)

    Global Symbols

    Symbol Name                              Value     Ov Type        Size  Object(Section)

    BuildAttributes$$THM_ISAv4$P$D$K$B$S$PE$A:L22UL41UL21$X:L11$S22US41US21$IEEE1$IW$USESV6$~STKCKD$USESV7$~SHL$OTIME$ROPI$IEEEX$EBA8$MICROLIB$REQ8$PRES8$EABIv2 0x00000000   Number         0  anon$$obj.o ABSOLUTE
    __ARM_use_no_argv                        0x00000000   Number         0  main.o ABSOLUTE
    __cpp_initialize__aeabi_                  - Undefined Weak Reference
    __cxa_finalize                            - Undefined Weak Reference
    _clock_init                               - Undefined Weak Reference
    _microlib_exit                            - Undefined Weak Reference
    __Vectors_Size                           0x00000190   Number         0  startup_mm32f327x_keil.o ABSOLUTE
    __Vectors                                0x08000000   Data           4  startup_mm32f327x_keil.o(RESET)
    __Vectors_End                            0x08000190   Data           0  startup_mm32f327x_keil.o(RESET)
    __main                                   0x08000191   Thumb Code     0  entry.o(.ARM.Collect$$$$00000000)
    _main_stk                                0x08000191   Thumb Code     0  entry2.o(.ARM.Collect$$$$00000001)
    _main_scatterload                        0x08000195   Thumb Code     0  entry5.o(.ARM.Collect$$$$00000004)
    __main_after_scatterload                 0x08000199   Thumb Code     0  entry5.o(.ARM.Collect$$$$00000004)
    _main_clock                              0x08000199   Thumb Code     0  entry7b.o(.ARM.Collect$$$$00000008)
    _main_cpp_init                           0x08000199   Thumb Code     0  entry8b.o(.ARM.Collect$$$$0000000A)
    _main_init                               0x08000199   Thumb Code     0  entry9a.o(.ARM.Collect$$$$0000000B)
    __rt_final_cpp                           0x080001a1   Thumb Code     0  entry10a.o(.ARM.Collect$$$$0000000D)
    __rt_final_exit                          0x080001a1   Thumb Code     0  entry11a.o(.ARM.Collect$$$$0000000F)
    Reset_Handler                            0x080001a5   Thumb Code     8  startup_mm32f327x_keil.o(.text)
    SysTick_Handler                          0x080001bd   Thumb Code     2  startup_mm32f327x_keil.o(.text)
    ADC1_2_IRQHandler                        0x080001bf   Thumb Code     0  startup_mm32f327x_keil.o(.text)
    ADC3_IRQHandler                          0x080001bf   Thumb Code     0  startup_mm32f327x_keil.o(.text)
    CAN1_RX_IRQHandler                       0x080001bf   Thumb Code     0  startup_mm32f327x_keil.o(.text)
    COMP1_2_IRQHandler                       0x080001bf   Thumb Code     0  startup_mm32f327x_keil.o(.text)
    ETH_IRQHandler                           0x080001bf   Thumb Code     0  startup_mm32f327x_keil.o(.text)
    FLASH_IRQHandler                         0x080001bf   Thumb Code     0  startup_mm32f327x_keil.o(.text)
    FlashCache_IRQHandler                    0x080001bf   Thumb Code     0  startup_mm32f327x_keil.o(.text)
    I2C1_IRQHandler                          0x080001bf   Thumb Code     0  startup_mm32f327x_keil.o(.text)
    I2C2_IRQHandler                          0x080001bf   Thumb Code     0  startup_mm32f327x_keil.o(.text)
    OTG_FS_IRQHandler                        0x080001bf   Thumb Code     0  startup_mm32f327x_keil.o(.text)
    OTG_FS_WKUP_IRQHandler                   0x080001bf   Thumb Code     0  startup_mm32f327x_keil.o(.text)
    PVD_IRQHandler                           0x080001bf   Thumb Code     0  startup_mm32f327x_keil.o(.text)
    RCC_CRS_IRQHandler                       0x080001bf   Thumb Code     0  startup_mm32f327x_keil.o(.text)
    RTCAlarm_IRQHandler                      0x080001bf   Thumb Code     0  startup_mm32f327x_keil.o(.text)
    RTC_IRQHandler                           0x080001bf   Thumb Code     0  startup_mm32f327x_keil.o(.text)
    SDIO_IRQHandler                          0x080001bf   Thumb Code     0  startup_mm32f327x_keil.o(.text)
    SPI1_IRQHandler                          0x080001bf   Thumb Code     0  startup_mm32f327x_keil.o(.text)
    SPI2_IRQHandler                          0x080001bf   Thumb Code     0  startup_mm32f327x_keil.o(.text)
    SPI3_IRQHandler                          0x080001bf   Thumb Code     0  startup_mm32f327x_keil.o(.text)
    TAMPER_IRQHandler                        0x080001bf   Thumb Code     0  startup_mm32f327x_keil.o(.text)
    TIM1_BRK_IRQHandler                      0x080001bf   Thumb Code     0  startup_mm32f327x_keil.o(.text)
    TIM1_CC_IRQHandler                       0x080001bf   Thumb Code     0  startup_mm32f327x_keil.o(.text)
    TIM1_TRG_COM_IRQHandler                  0x080001bf   Thumb Code     0  startup_mm32f327x_keil.o(.text)
    TIM8_BRK_IRQHandler                      0x080001bf   Thumb Code     0  startup_mm32f327x_keil.o(.text)
    TIM8_CC_IRQHandler                       0x080001bf   Thumb Code     0  startup_mm32f327x_keil.o(.text)
    TIM8_TRG_COM_IRQHandler                  0x080001bf   Thumb Code     0  startup_mm32f327x_keil.o(.text)
    WWDG_IRQHandler                          0x080001bf   Thumb Code     0  startup_mm32f327x_keil.o(.text)
    __aeabi_uldivmod                         0x080001c9   Thumb Code    98  uldiv.o(.text)
    __aeabi_memcpy                           0x0800022b   Thumb Code    36  memcpya.o(.text)
    __aeabi_memcpy4                          0x0800022b   Thumb Code     0  memcpya.o(.text)
    __aeabi_memcpy8                          0x0800022b   Thumb Code     0  memcpya.o(.text)
    __aeabi_fadd                             0x0800024f   Thumb Code   164  fadd.o(.text)
    __aeabi_fsub                             0x080002f3   Thumb Code     6  fadd.o(.text)
    __aeabi_frsub                            0x080002f9   Thumb Code     6  fadd.o(.text)
    __aeabi_fmul                             0x080002ff   Thumb Code   100  fmul.o(.text)
    __aeabi_fdiv                             0x08000363   Thumb Code   124  fdiv.o(.text)
    __aeabi_dadd                             0x080003df   Thumb Code   322  dadd.o(.text)
    __aeabi_dsub                             0x08000521   Thumb Code     6  dadd.o(.text)
    __aeabi_drsub                            0x08000527   Thumb Code     6  dadd.o(.text)
    __aeabi_dmul                             0x0800052d   Thumb Code   228  dmul.o(.text)
    __aeabi_i2f                              0x08000611   Thumb Code    18  fflti.o(.text)
    __aeabi_ui2f                             0x08000623   Thumb Code    10  ffltui.o(.text)
    __aeabi_i2d                              0x0800062d   Thumb Code    34  dflti.o(.text)
    __aeabi_ui2d                             0x0800064f   Thumb Code    26  dfltui.o(.text)
    __aeabi_f2iz                             0x08000669   Thumb Code    50  ffixi.o(.text)
    __aeabi_f2uiz                            0x0800069b   Thumb Code    40  ffixui.o(.text)
    __aeabi_d2iz                             0x080006c3   Thumb Code    62  dfixi.o(.text)
    __aeabi_d2uiz                            0x08000701   Thumb Code    50  dfixui.o(.text)
    __aeabi_f2d                              0x08000733   Thumb Code    38  f2d.o(.text)
    __aeabi_cdcmpeq                          0x08000759   Thumb Code     0  cdcmple.o(.text)
    __aeabi_cdcmple                          0x08000759   Thumb Code    48  cdcmple.o(.text)
    __aeabi_cdrcmple                         0x08000789   Thumb Code    48  cdrcmple.o(.text)
    __aeabi_d2f                              0x080007b9   Thumb Code    56  d2f.o(.text)
    __aeabi_cfcmpeq                          0x080007f1   Thumb Code     0  cfcmple.o(.text)
    __aeabi_cfcmple                          0x080007f1   Thumb Code    20  cfcmple.o(.text)
    __aeabi_cfrcmple                         0x08000805   Thumb Code    20  cfrcmple.o(.text)
    __aeabi_llsl                             0x08000819   Thumb Code    30  llshl.o(.text)
    _ll_shift_l                              0x08000819   Thumb Code     0  llshl.o(.text)
    __aeabi_llsr                             0x08000837   Thumb Code    32  llushr.o(.text)
    _ll_ushift_r                             0x08000837   Thumb Code     0  llushr.o(.text)
    __aeabi_lasr                             0x08000857   Thumb Code    36  llsshr.o(.text)
    _ll_sshift_r                             0x08000857   Thumb Code     0  llsshr.o(.text)
    __I$use$fp                               0x0800087b   Thumb Code     0  iusefp.o(.text)
    _float_round                             0x0800087b   Thumb Code    18  fepilogue.o(.text)
    _float_epilogue                          0x0800088d   Thumb Code    92  fepilogue.o(.text)
    _double_round                            0x080008e9   Thumb Code    30  depilogue.o(.text)
    _double_epilogue                         0x08000907   Thumb Code   156  depilogue.o(.text)
    __aeabi_ddiv                             0x080009a3   Thumb Code   222  ddiv.o(.text)
    __ARM_scalbn                             0x08000a81   Thumb Code    46  dscalb.o(.text)
    scalbn                                   0x08000a81   Thumb Code     0  dscalb.o(.text)
    _dsqrt                                   0x08000aaf   Thumb Code   162  dsqrt.o(.text)
    __scatterload                            0x08000b51   Thumb Code    28  init.o(.text)
    __scatterload_rt2                        0x08000b51   Thumb Code     0  init.o(.text)
    __decompress                             0x08000b75   Thumb Code     0  __dczerorl2.o(.text)
    __decompress1                            0x08000b75   Thumb Code    86  __dczerorl2.o(.text)
    AngleInnerConrtol                        0x08000bcd   Thumb Code    74  control.o(i.AngleInnerConrtol)
    AngleOuterConrtol                        0x08000c21   Thumb Code   158  control.o(i.AngleOuterConrtol)
    AutoCalPllFactor                         0x08000ced   Thumb Code   102  system_mm32f327x.o(i.AutoCalPllFactor)
    Brake                                    0x08000d55   Thumb Code   126  control.o(i.Brake)
    BusFault_Handler                         0x08000ded   Thumb Code     4  common.o(i.BusFault_Handler)
    Byroad                                   0x08000df1   Thumb Code  3028  img_process.o(i.Byroad)
    Control                                  0x080019f5   Thumb Code   892  control.o(i.Control)
    Control_init                             0x08001dcd   Thumb Code   108  control.o(i.Control_init)
    DMA1_Channel1_IRQHandler                 0x08001ecf   Thumb Code    20  isr.o(i.DMA1_Channel1_IRQHandler)
    DMA1_Channel2_IRQHandler                 0x08001ee3   Thumb Code    20  isr.o(i.DMA1_Channel2_IRQHandler)
    DMA1_Channel3_IRQHandler                 0x08001ef7   Thumb Code    22  isr.o(i.DMA1_Channel3_IRQHandler)
    DMA1_Channel4_IRQHandler                 0x08001f0d   Thumb Code    26  isr.o(i.DMA1_Channel4_IRQHandler)
    DMA1_Channel5_IRQHandler                 0x08001f27   Thumb Code    22  isr.o(i.DMA1_Channel5_IRQHandler)
    DMA1_Channel6_IRQHandler                 0x08001f3d   Thumb Code    22  isr.o(i.DMA1_Channel6_IRQHandler)
    DMA1_Channel7_IRQHandler                 0x08001f53   Thumb Code    22  isr.o(i.DMA1_Channel7_IRQHandler)
    DMA2_Channel1_IRQHandler                 0x08001f69   Thumb Code    20  isr.o(i.DMA2_Channel1_IRQHandler)
    DMA2_Channel2_IRQHandler                 0x08001f81   Thumb Code    20  isr.o(i.DMA2_Channel2_IRQHandler)
    DMA2_Channel3_IRQHandler                 0x08001f99   Thumb Code    20  isr.o(i.DMA2_Channel3_IRQHandler)
    DMA2_Channel4_IRQHandler                 0x08001fb1   Thumb Code    20  isr.o(i.DMA2_Channel4_IRQHandler)
    DMA2_Channel5_IRQHandler                 0x08001fc9   Thumb Code    20  isr.o(i.DMA2_Channel5_IRQHandler)
    DMA_ClearFlag                            0x08001fe1   Thumb Code    20  hal_dma.o(i.DMA_ClearFlag)
    DMA_Cmd                                  0x08001ffd   Thumb Code    12  hal_dma.o(i.DMA_Cmd)
    DMA_DeInit                               0x08002009   Thumb Code    82  hal_dma.o(i.DMA_DeInit)
    DMA_GetFlagStatus                        0x08002065   Thumb Code    40  hal_dma.o(i.DMA_GetFlagStatus)
    DMA_ITConfig                             0x08002095   Thumb Code    18  hal_dma.o(i.DMA_ITConfig)
    DMA_Init                                 0x080020a7   Thumb Code    70  hal_dma.o(i.DMA_Init)
    DebugMon_Handler                         0x080020ed   Thumb Code     4  common.o(i.DebugMon_Handler)
    DirectionInnerConrtol                    0x080020f1   Thumb Code   318  control.o(i.DirectionInnerConrtol)
    DirectionOuterConrtol                    0x08002241   Thumb Code   236  control.o(i.DirectionOuterConrtol)
    EXTI0_IRQHandler                         0x08002349   Thumb Code    10  isr.o(i.EXTI0_IRQHandler)
    EXTI15_10_IRQHandler                     0x08002353   Thumb Code   112  isr.o(i.EXTI15_10_IRQHandler)
    EXTI1_IRQHandler                         0x080023c3   Thumb Code    10  isr.o(i.EXTI1_IRQHandler)
    EXTI2_IRQHandler                         0x080023cd   Thumb Code    10  isr.o(i.EXTI2_IRQHandler)
    EXTI3_IRQHandler                         0x080023d7   Thumb Code    10  isr.o(i.EXTI3_IRQHandler)
    EXTI4_IRQHandler                         0x080023e1   Thumb Code    10  isr.o(i.EXTI4_IRQHandler)
    EXTI9_5_IRQHandler                       0x080023eb   Thumb Code    86  isr.o(i.EXTI9_5_IRQHandler)
    EXTI_ClearFlag                           0x08002441   Thumb Code     6  hal_exti.o(i.EXTI_ClearFlag)
    EXTI_GetITStatus                         0x0800244d   Thumb Code    28  hal_exti.o(i.EXTI_GetITStatus)
    EXTI_Init                                0x0800246d   Thumb Code   210  hal_exti.o(i.EXTI_Init)
    EXTI_LineConfig                          0x08002545   Thumb Code    56  hal_exti.o(i.EXTI_LineConfig)
    EXTI_StructInit                          0x08002581   Thumb Code    16  hal_exti.o(i.EXTI_StructInit)
    Get_AD_data                              0x08002591   Thumb Code   150  inductor.o(i.Get_AD_data)
    Get_Road                                 0x08002639   Thumb Code   148  img_process.o(i.Get_Road)
    Get_acc_data                             0x080026e1   Thumb Code   146  imu.o(i.Get_acc_data)
    Get_gyro_data                            0x08002799   Thumb Code    78  imu.o(i.Get_gyro_data)
    Get_speed                                0x08002805   Thumb Code   170  encoder.o(i.Get_speed)
    HardFault_Handler                        0x080028d1   Thumb Code     4  common.o(i.HardFault_Handler)
    IMUupdate                                0x080028d5   Thumb Code  1428  imu.o(i.IMUupdate)
    Indoctor_init                            0x08002e79   Thumb Code    66  inductor.o(i.Indoctor_init)
    LeftRound                                0x08002ec1   Thumb Code  1450  img_process.o(i.LeftRound)
    LeftStraightLineCount                    0x08003491   Thumb Code   296  img_process.o(i.LeftStraightLineCount)
    MemManage_Handler                        0x080035c5   Thumb Code     4  common.o(i.MemManage_Handler)
    MotorConrtol                             0x080035c9   Thumb Code   126  control.o(i.MotorConrtol)
    Motor_Init                               0x08003655   Thumb Code    76  motor.o(i.Motor_Init)
    Motor_Run                                0x080036a1   Thumb Code   180  motor.o(i.Motor_Run)
    NMI_Handler                              0x08003759   Thumb Code     4  common.o(i.NMI_Handler)
    NVIC_Init                                0x0800375d   Thumb Code    96  hal_misc.o(i.NVIC_Init)
    PendSV_Handler                           0x080037c9   Thumb Code     4  common.o(i.PendSV_Handler)
    RCC_AHBPeriphClockCmd                    0x080037cd   Thumb Code    26  hal_rcc.o(i.RCC_AHBPeriphClockCmd)
    RCC_APB1PeriphClockCmd                   0x080037ed   Thumb Code    26  hal_rcc.o(i.RCC_APB1PeriphClockCmd)
    RCC_APB2PeriphClockCmd                   0x0800380d   Thumb Code    26  hal_rcc.o(i.RCC_APB2PeriphClockCmd)
    Ramp                                     0x0800382d   Thumb Code   426  img_process.o(i.Ramp)
    RightRound                               0x08003a15   Thumb Code  1490  img_process.o(i.RightRound)
    RightStraightLineCount                   0x0800400d   Thumb Code   296  img_process.o(i.RightStraightLineCount)
    SVC_Handler                              0x08004141   Thumb Code     4  common.o(i.SVC_Handler)
    SpeedConrtol                             0x08004369   Thumb Code   326  control.o(i.SpeedConrtol)
    SpeedSmoothOutput                        0x080044ed   Thumb Code    72  control.o(i.SpeedSmoothOutput)
    SystemInit                               0x08004541   Thumb Code    82  system_mm32f327x.o(i.SystemInit)
    TIM1_UP_IRQHandler                       0x080045a5   Thumb Code    14  isr.o(i.TIM1_UP_IRQHandler)
    TIM2_IRQHandler                          0x080045b9   Thumb Code    18  isr.o(i.TIM2_IRQHandler)
    TIM3_IRQHandler                          0x080045cd   Thumb Code    14  isr.o(i.TIM3_IRQHandler)
    TIM4_IRQHandler                          0x080045e1   Thumb Code    14  isr.o(i.TIM4_IRQHandler)
    TIM5_IRQHandler                          0x080045f5   Thumb Code    14  isr.o(i.TIM5_IRQHandler)
    TIM6_IRQHandler                          0x08004609   Thumb Code    88  isr.o(i.TIM6_IRQHandler)
    TIM7_IRQHandler                          0x08004675   Thumb Code    14  isr.o(i.TIM7_IRQHandler)
    TIM8_UP_IRQHandler                       0x08004689   Thumb Code    22  isr.o(i.TIM8_UP_IRQHandler)
    TIM_Cmd                                  0x080046a5   Thumb Code    22  hal_tim.o(i.TIM_Cmd)
    TIM_DMACmd                               0x080046bb   Thumb Code    18  hal_tim.o(i.TIM_DMACmd)
    TIM_ETRClockMode1Config                  0x080046cd   Thumb Code    32  hal_tim.o(i.TIM_ETRClockMode1Config)
    TIM_ETRConfig                            0x080046ed   Thumb Code    44  hal_tim.o(i.TIM_ETRConfig)
    TIM_SelectInputTrigger                   0x08004719   Thumb Code    12  hal_tim.o(i.TIM_SelectInputTrigger)
    TIM_SelectMasterSlaveMode                0x08004725   Thumb Code    12  hal_tim.o(i.TIM_SelectMasterSlaveMode)
    TIM_SelectSlaveMode                      0x08004731   Thumb Code    12  hal_tim.o(i.TIM_SelectSlaveMode)
    TIM_TimeBaseInit                         0x0800473d   Thumb Code    98  hal_tim.o(i.TIM_TimeBaseInit)
    TrackBothEdge                            0x080047b5   Thumb Code  1910  img_process.o(i.TrackBothEdge)
    UART1_IRQHandler                         0x08004f65   Thumb Code    54  isr.o(i.UART1_IRQHandler)
    UART2_IRQHandler                         0x08004fa1   Thumb Code    54  isr.o(i.UART2_IRQHandler)
    UART3_IRQHandler                         0x08004fdd   Thumb Code    54  isr.o(i.UART3_IRQHandler)
    UART4_IRQHandler                         0x08005019   Thumb Code    60  isr.o(i.UART4_IRQHandler)
    UART5_IRQHandler                         0x08005059   Thumb Code    46  isr.o(i.UART5_IRQHandler)
    UART6_IRQHandler                         0x0800508d   Thumb Code    54  isr.o(i.UART6_IRQHandler)
    UART7_IRQHandler                         0x080050c9   Thumb Code    54  isr.o(i.UART7_IRQHandler)
    UART8_IRQHandler                         0x08005105   Thumb Code    60  isr.o(i.UART8_IRQHandler)
    UsageFault_Handler                       0x08005145   Thumb Code     4  common.o(i.UsageFault_Handler)
    VariableReset                            0x08005149   Thumb Code    98  img_process.o(i.VariableReset)
    Zebra                                    0x080051d9   Thumb Code  1824  img_process.o(i.Zebra)
    __ARM_fpclassify                         0x0800592d   Thumb Code    40  fpclassify.o(i.__ARM_fpclassify)
    __kernel_poly                            0x08005955   Thumb Code   170  poly.o(i.__kernel_poly)
    __mathlib_dbl_infnan                     0x080059ff   Thumb Code     6  dunder.o(i.__mathlib_dbl_infnan)
    __mathlib_dbl_invalid                    0x08005a05   Thumb Code    12  dunder.o(i.__mathlib_dbl_invalid)
    __mathlib_dbl_underflow                  0x08005a11   Thumb Code    10  dunder.o(i.__mathlib_dbl_underflow)
    __scatterload_copy                       0x08005a21   Thumb Code    14  handlers.o(i.__scatterload_copy)
    __scatterload_null                       0x08005a2f   Thumb Code     2  handlers.o(i.__scatterload_null)
    __scatterload_zeroinit                   0x08005a31   Thumb Code    14  handlers.o(i.__scatterload_zeroinit)
    __set_errno                              0x08005a41   Thumb Code     6  errno.o(i.__set_errno)
    adc_convert                              0x08005a4d   Thumb Code    96  zf_adc.o(i.adc_convert)
    adc_init                                 0x08005ab5   Thumb Code   246  zf_adc.o(i.adc_init)
    afio_init                                0x08005bd5   Thumb Code   218  zf_gpio.o(i.afio_init)
    allInit                                  0x08005cb9   Thumb Code    42  init.o(i.allInit)
    asin                                     0x08005ce5   Thumb Code   572  asin.o(i.asin)
    bend_detect                              0x08005f55   Thumb Code    66  img_process.o(i.bend_detect)
    board_init                               0x08005fad   Thumb Code    24  board.o(i.board_init)
    camera_dma_init                          0x08005fc5   Thumb Code   122  zf_camera.o(i.camera_dma_init)
    camera_tim_etr_init                      0x08006041   Thumb Code   280  zf_camera.o(i.camera_tim_etr_init)
    encoder_init                             0x0800615d   Thumb Code    32  encoder.o(i.encoder_init)
    erchengfa                                0x0800617d   Thumb Code   148  img_process.o(i.erchengfa)
    err_calculation                          0x0800621d   Thumb Code    80  img_process.o(i.err_calculation)
    exti_interrupt_init                      0x08006275   Thumb Code   206  zf_exti.o(i.exti_interrupt_init)
    get_config                               0x08006349   Thumb Code    96  seekfree_mt9v03x.o(i.get_config)
    get_icm20602_accdata_spi                 0x080063b1   Thumb Code    72  seekfree_icm20602.o(i.get_icm20602_accdata_spi)
    get_icm20602_gyro_spi                    0x08006405   Thumb Code    72  seekfree_icm20602.o(i.get_icm20602_gyro_spi)
    gpio_init                                0x08006459   Thumb Code   322  zf_gpio.o(i.gpio_init)
    grey_scale                               0x080065a5   Thumb Code   180  img_process.o(i.grey_scale)
    icm20602_init_spi                        0x08006661   Thumb Code   198  seekfree_icm20602.o(i.icm20602_init_spi)
    ips114_clear                             0x08006811   Thumb Code    48  seekfree_ips114_spi.o(i.ips114_clear)
    ips114_displayimage032                   0x08006841   Thumb Code   196  seekfree_ips114_spi.o(i.ips114_displayimage032)
    ips114_drawpoint                         0x08006911   Thumb Code    28  seekfree_ips114_spi.o(i.ips114_drawpoint)
    ips114_init                              0x0800692d   Thumb Code   508  seekfree_ips114_spi.o(i.ips114_init)
    ips114_showchar                          0x08006b7d   Thumb Code   106  seekfree_ips114_spi.o(i.ips114_showchar)
    ips114_showfloat                         0x08006bed   Thumb Code   186  seekfree_ips114_spi.o(i.ips114_showfloat)
    ips114_showint16                         0x08006cad   Thumb Code   194  seekfree_ips114_spi.o(i.ips114_showint16)
    ips114_showstr                           0x08006d6f   Thumb Code    50  seekfree_ips114_spi.o(i.ips114_showstr)
    main                                     0x08006e7d   Thumb Code   294  main.o(i.main)
    mt9v03x_dma                              0x08006fe1   Thumb Code    22  seekfree_mt9v03x.o(i.mt9v03x_dma)
    mt9v03x_dma_init                         0x08007001   Thumb Code    68  seekfree_mt9v03x.o(i.mt9v03x_dma_init)
    mt9v03x_exti_init                        0x08007051   Thumb Code    40  seekfree_mt9v03x.o(i.mt9v03x_exti_init)
    mt9v03x_init                             0x08007079   Thumb Code   100  seekfree_mt9v03x.o(i.mt9v03x_init)
    mt9v03x_tim1_etr_init                    0x080070f5   Thumb Code    14  seekfree_mt9v03x.o(i.mt9v03x_tim1_etr_init)
    mt9v03x_uart_callback                    0x08007105   Thumb Code    66  seekfree_mt9v03x.o(i.mt9v03x_uart_callback)
    mt9v03x_vsync                            0x08007159   Thumb Code    20  seekfree_mt9v03x.o(i.mt9v03x_vsync)
    number_conversion_ascii                  0x08007171   Thumb Code   136  seekfree_printf.o(i.number_conversion_ascii)
    nvic_init                                0x080071f9   Thumb Code    36  common.o(i.nvic_init)
    openIsr                                  0x0800721d   Thumb Code    18  init.o(i.openIsr)
    printf_reverse_order                     0x0800722f   Thumb Code    34  seekfree_printf.o(i.printf_reverse_order)
    pwm_duty_updata                          0x08007251   Thumb Code   168  zf_pwm.o(i.pwm_duty_updata)
    pwm_init                                 0x08007301   Thumb Code   632  zf_pwm.o(i.pwm_init)
    seekfree_wireless_init                   0x0800759d   Thumb Code    28  seekfree_wireless.o(i.seekfree_wireless_init)
    set_config                               0x080075b9   Thumb Code   110  seekfree_mt9v03x.o(i.set_config)
    spi_init                                 0x08007631   Thumb Code   434  zf_spi.o(i.spi_init)
    spi_mosi                                 0x080077f1   Thumb Code    76  zf_spi.o(i.spi_mosi)
    sqrt                                     0x08007899   Thumb Code    76  sqrt.o(i.sqrt)
    systick_delay                            0x080078e5   Thumb Code    38  zf_systick.o(i.systick_delay)
    systick_delay_ms                         0x0800790d   Thumb Code    34  zf_systick.o(i.systick_delay_ms)
    tim_encoder_get_count                    0x08007935   Thumb Code    46  zf_tim.o(i.tim_encoder_get_count)
    tim_encoder_init                         0x08007969   Thumb Code   232  zf_tim.o(i.tim_encoder_init)
    tim_interrupt_init_ms                    0x08007a6d   Thumb Code   226  zf_pit.o(i.tim_interrupt_init_ms)
    uart_init                                0x08007b65   Thumb Code   392  zf_uart.o(i.uart_init)
    uart_putbuff                             0x08007d1d   Thumb Code    42  zf_uart.o(i.uart_putbuff)
    uart_putchar                             0x08007d4d   Thumb Code    28  zf_uart.o(i.uart_putchar)
    uart_rx_irq                              0x08007d6d   Thumb Code    66  zf_uart.o(i.uart_rx_irq)
    vcan_sendware                            0x08007db9   Thumb Code    90  vcan.o(i.vcan_sendware)
    wireless_uart_callback                   0x08007e1d   Thumb Code    52  seekfree_wireless.o(i.wireless_uart_callback)
    zf_sprintf                               0x08007e61   Thumb Code   736  seekfree_printf.o(i.zf_sprintf)
    tft_ascii                                0x08008144   Data        1520  seekfree_font.o(.constdata)
    gImage_qq                                0x08008734   Data        3200  seekfree_font.o(.constdata)
    chinese_test                             0x080093b4   Data         128  seekfree_font.o(.constdata)
    oled_6x8                                 0x08009434   Data         552  seekfree_font.o(.constdata)
    oled_8x16                                0x0800965c   Data        1520  seekfree_font.o(.constdata)
    oled_16x16_chinese                       0x08009c4c   Data         128  seekfree_font.o(.constdata)
    Region$$Table$$Base                      0x08009d20   Number         0  anon$$obj.o(Region$$Table)
    Region$$Table$$Limit                     0x08009d40   Number         0  anon$$obj.o(Region$$Table)
    t8_ms                                    0x20000000   Data           2  isr.o(.data)
    t1_s                                     0x20000002   Data           2  isr.o(.data)
    t6_ms                                    0x20000004   Data           2  isr.o(.data)
    t8_s                                     0x20000006   Data           2  isr.o(.data)
    start_flag                               0x20000009   Data           1  main.o(.data)
    isp_flag                                 0x2000000a   Data           1  main.o(.data)
    CrossFlag                                0x2000000b   Data           1  main.o(.data)
    ZebraFlag                                0x2000000c   Data           1  main.o(.data)
    LeftRoundFlag                            0x2000000d   Data           1  main.o(.data)
    RightRoundFlag                           0x2000000e   Data           1  main.o(.data)
    ByroadFlag                               0x2000000f   Data           1  main.o(.data)
    RampFlag                                 0x20000010   Data           1  main.o(.data)
    SpecialCount                             0x20000011   Data           1  main.o(.data)
    Bys_flag                                 0x20000012   Data           1  main.o(.data)
    Angle_Kp                                 0x20000014   Data           4  control.o(.data)
    Angle_Ki                                 0x20000018   Data           4  control.o(.data)
    Speed_L                                  0x2000002c   Data           4  encoder.o(.data)
    Speed_R                                  0x20000030   Data           4  encoder.o(.data)
    start_buf                                0x20000034   Data           2  encoder.o(.data)
    IMU_Kp                                   0x20000038   Data           4  imu.o(.data)
    IMU_Ki                                   0x2000003c   Data           4  imu.o(.data)
    exInteg                                  0x20000040   Data           4  imu.o(.data)
    eyInteg                                  0x20000044   Data           4  imu.o(.data)
    ezInteg                                  0x20000048   Data           4  imu.o(.data)
    q0                                       0x2000004c   Data           4  imu.o(.data)
    q1                                       0x20000050   Data           4  imu.o(.data)
    q2                                       0x20000054   Data           4  imu.o(.data)
    q3                                       0x20000058   Data           4  imu.o(.data)
    Gyro_x                                   0x2000005c   Data           4  imu.o(.data)
    Gyro_y                                   0x20000060   Data           4  imu.o(.data)
    Gyro_z                                   0x20000064   Data           4  imu.o(.data)
    Acc_x                                    0x20000068   Data           4  imu.o(.data)
    Acc_y                                    0x2000006c   Data           4  imu.o(.data)
    Acc_z                                    0x20000070   Data           4  imu.o(.data)
    Pitch                                    0x20000074   Data           4  imu.o(.data)
    Yaw                                      0x20000078   Data           4  imu.o(.data)
    Roll                                     0x2000007c   Data           4  imu.o(.data)
    row                                      0x20000080   Data           1  img_process.o(.data)
    line                                     0x20000081   Data           1  img_process.o(.data)
    break_row                                0x20000082   Data           1  img_process.o(.data)
    end_row                                  0x20000083   Data           1  img_process.o(.data)
    Half_Width                               0x20000084   Data          60  img_process.o(.data)
    RightEdge_X                              0x200000c0   Data          60  img_process.o(.data)
    Middle_X                                 0x200000fc   Data          60  img_process.o(.data)
    StartScanPoint_line                      0x20000138   Data           1  img_process.o(.data)
    StartScanPoint_row                       0x20000139   Data           1  img_process.o(.data)
    LeftStart_line                           0x2000013a   Data           2  img_process.o(.data)
    RightStart_line                          0x2000013c   Data           2  img_process.o(.data)
    LeftLostNum                              0x2000013e   Data           1  img_process.o(.data)
    RightLostNum                             0x2000013f   Data           1  img_process.o(.data)
    BothLostNum                              0x20000140   Data           1  img_process.o(.data)
    garage_dir                               0x20000141   Data           1  img_process.o(.data)
    Byroad_Num                               0x20000142   Data           1  img_process.o(.data)
    Byroad_dir                               0x20000143   Data           3  img_process.o(.data)
    LeftRoundCount                           0x20000146   Data           1  img_process.o(.data)
    RightRoundCount                          0x20000147   Data           1  img_process.o(.data)
    LargeLeftRoundFlag                       0x20000148   Data           5  img_process.o(.data)
    LargeRightRoundFlag                      0x2000014d   Data           5  img_process.o(.data)
    LeftRoundRadio_2                         0x20000154   Data           4  img_process.o(.data)
    LeftRoundRadio_4                         0x20000158   Data           4  img_process.o(.data)
    RightRoundRadio_2                        0x2000015c   Data           4  img_process.o(.data)
    RightRoundRadio_4                        0x20000160   Data           4  img_process.o(.data)
    split_flag                               0x20000164   Data           1  img_process.o(.data)
    L_state                                  0x20000165   Data           1  img_process.o(.data)
    R_state                                  0x20000166   Data           1  img_process.o(.data)
    Road                                     0x20000168   Data           4  img_process.o(.data)
    L_cross_flag                             0x2000016c   Data           1  img_process.o(.data)
    R_cross_flag                             0x2000016d   Data           1  img_process.o(.data)
    ramp_angle                               0x20000170   Data           4  img_process.o(.data)
    camera_type                              0x20000198   Data           1  common.o(.data)
    camera_buffer_addr                       0x2000019c   Data           4  common.o(.data)
    SystemCoreClock                          0x200001a0   Data           4  system_mm32f327x.o(.data)
    AHBPrescTable                            0x200001a4   Data          16  system_mm32f327x.o(.data)
    adc_index                                0x200001b4   Data          12  zf_adc.o(.data)
    adc_resolution                           0x200001c0   Data           3  zf_adc.o(.data)
    gpio_group                               0x200001c4   Data          32  zf_gpio.o(.data)
    spi_index                                0x200001e4   Data          12  zf_spi.o(.data)
    tim_index                                0x200001f0   Data          32  zf_tim.o(.data)
    uart_index                               0x20000210   Data          32  zf_uart.o(.data)
    uart_irq                                 0x20000230   Data           8  zf_uart.o(.data)
    icm_gyro_x                               0x20000238   Data           2  seekfree_icm20602.o(.data)
    icm_gyro_y                               0x2000023a   Data           2  seekfree_icm20602.o(.data)
    icm_gyro_z                               0x2000023c   Data           2  seekfree_icm20602.o(.data)
    icm_acc_x                                0x2000023e   Data           2  seekfree_icm20602.o(.data)
    icm_acc_y                                0x20000240   Data           2  seekfree_icm20602.o(.data)
    icm_acc_z                                0x20000242   Data           2  seekfree_icm20602.o(.data)
    mt9v03x_finish_flag                      0x20000244   Data           1  seekfree_mt9v03x.o(.data)
    MT9V03X_CFG                              0x2000024a   Data          36  seekfree_mt9v03x.o(.data)
    GET_CFG                                  0x2000026e   Data          32  seekfree_mt9v03x.o(.data)
    wireless_rx_index                        0x2000028e   Data           2  seekfree_wireless.o(.data)
    Angle                                    0x20000294   Data          44  control.o(.bss)
    Speed                                    0x200002c0   Data          60  control.o(.bss)
    Direction                                0x200002fc   Data          64  control.o(.bss)
    Motor                                    0x2000033c   Data          16  control.o(.bss)
    AL                                       0x2000034c   Data          16  inductor.o(.bss)
    AM                                       0x2000035c   Data          16  inductor.o(.bss)
    AR                                       0x2000036c   Data          16  inductor.o(.bss)
    InductorAL                               0x2000037c   Data          12  inductor.o(.bss)
    InductorAM                               0x20000388   Data          10  inductor.o(.bss)
    InductorAR                               0x20000392   Data          12  inductor.o(.bss)
    DataBuf                                  0x200003a0   Data          32  vcan.o(.bss)
    int16Buf                                 0x200003c0   Data          16  vcan.o(.bss)
    LeftEdge_X                               0x200003d0   Data          60  img_process.o(.bss)
    LeftEdge_GetFlag                         0x2000040c   Data          60  img_process.o(.bss)
    RightEdge_GetFlag                        0x20000448   Data          60  img_process.o(.bss)
    image                                    0x20000484   Data       10800  seekfree_mt9v03x.o(.bss)
    wireless_rx_buffer                       0x20002eb4   Data          16  seekfree_wireless.o(.bss)
    __initial_sp                             0x200032c8   Data           0  startup_mm32f327x_keil.o(STACK)



==============================================================================

Memory Map of the image

  Image Entry point : 0x08000191

  Load Region LR_IROM1 (Base: 0x08000000, Size: 0x00009fd4, Max: 0x00080000, ABSOLUTE, COMPRESSED[0x00009e60])

    Execution Region ER_IROM1 (Exec base: 0x08000000, Load base: 0x08000000, Size: 0x00009d40, Max: 0x00080000, ABSOLUTE)

    Exec Addr    Load Addr    Size         Type   Attr      Idx    E Section Name        Object

    0x08000000   0x08000000   0x00000190   Data   RO         2024    RESET               startup_mm32f327x_keil.o
    0x08000190   0x08000190   0x00000000   Code   RO         8368  * .ARM.Collect$$$$00000000  mc_w.l(entry.o)
    0x08000190   0x08000190   0x00000004   Code   RO         8433    .ARM.Collect$$$$00000001  mc_w.l(entry2.o)
    0x08000194   0x08000194   0x00000004   Code   RO         8436    .ARM.Collect$$$$00000004  mc_w.l(entry5.o)
    0x08000198   0x08000198   0x00000000   Code   RO         8438    .ARM.Collect$$$$00000008  mc_w.l(entry7b.o)
    0x08000198   0x08000198   0x00000000   Code   RO         8440    .ARM.Collect$$$$0000000A  mc_w.l(entry8b.o)
    0x08000198   0x08000198   0x00000008   Code   RO         8441    .ARM.Collect$$$$0000000B  mc_w.l(entry9a.o)
    0x080001a0   0x080001a0   0x00000000   Code   RO         8443    .ARM.Collect$$$$0000000D  mc_w.l(entry10a.o)
    0x080001a0   0x080001a0   0x00000000   Code   RO         8445    .ARM.Collect$$$$0000000F  mc_w.l(entry11a.o)
    0x080001a0   0x080001a0   0x00000004   Code   RO         8434    .ARM.Collect$$$$00002712  mc_w.l(entry2.o)
    0x080001a4   0x080001a4   0x00000024   Code   RO         2025    .text               startup_mm32f327x_keil.o
    0x080001c8   0x080001c8   0x00000062   Code   RO         8371    .text               mc_w.l(uldiv.o)
    0x0800022a   0x0800022a   0x00000024   Code   RO         8373    .text               mc_w.l(memcpya.o)
    0x0800024e   0x0800024e   0x000000b0   Code   RO         8377    .text               mf_w.l(fadd.o)
    0x080002fe   0x080002fe   0x00000064   Code   RO         8379    .text               mf_w.l(fmul.o)
    0x08000362   0x08000362   0x0000007c   Code   RO         8381    .text               mf_w.l(fdiv.o)
    0x080003de   0x080003de   0x0000014e   Code   RO         8383    .text               mf_w.l(dadd.o)
    0x0800052c   0x0800052c   0x000000e4   Code   RO         8385    .text               mf_w.l(dmul.o)
    0x08000610   0x08000610   0x00000012   Code   RO         8387    .text               mf_w.l(fflti.o)
    0x08000622   0x08000622   0x0000000a   Code   RO         8389    .text               mf_w.l(ffltui.o)
    0x0800062c   0x0800062c   0x00000022   Code   RO         8391    .text               mf_w.l(dflti.o)
    0x0800064e   0x0800064e   0x0000001a   Code   RO         8393    .text               mf_w.l(dfltui.o)
    0x08000668   0x08000668   0x00000032   Code   RO         8395    .text               mf_w.l(ffixi.o)
    0x0800069a   0x0800069a   0x00000028   Code   RO         8397    .text               mf_w.l(ffixui.o)
    0x080006c2   0x080006c2   0x0000003e   Code   RO         8399    .text               mf_w.l(dfixi.o)
    0x08000700   0x08000700   0x00000032   Code   RO         8401    .text               mf_w.l(dfixui.o)
    0x08000732   0x08000732   0x00000026   Code   RO         8403    .text               mf_w.l(f2d.o)
    0x08000758   0x08000758   0x00000030   Code   RO         8405    .text               mf_w.l(cdcmple.o)
    0x08000788   0x08000788   0x00000030   Code   RO         8407    .text               mf_w.l(cdrcmple.o)
    0x080007b8   0x080007b8   0x00000038   Code   RO         8409    .text               mf_w.l(d2f.o)
    0x080007f0   0x080007f0   0x00000014   Code   RO         8411    .text               mf_w.l(cfcmple.o)
    0x08000804   0x08000804   0x00000014   Code   RO         8413    .text               mf_w.l(cfrcmple.o)
    0x08000818   0x08000818   0x0000001e   Code   RO         8447    .text               mc_w.l(llshl.o)
    0x08000836   0x08000836   0x00000020   Code   RO         8449    .text               mc_w.l(llushr.o)
    0x08000856   0x08000856   0x00000024   Code   RO         8451    .text               mc_w.l(llsshr.o)
    0x0800087a   0x0800087a   0x00000000   Code   RO         8460    .text               mc_w.l(iusefp.o)
    0x0800087a   0x0800087a   0x0000006e   Code   RO         8461    .text               mf_w.l(fepilogue.o)
    0x080008e8   0x080008e8   0x000000ba   Code   RO         8463    .text               mf_w.l(depilogue.o)
    0x080009a2   0x080009a2   0x000000de   Code   RO         8465    .text               mf_w.l(ddiv.o)
    0x08000a80   0x08000a80   0x0000002e   Code   RO         8467    .text               mf_w.l(dscalb.o)
    0x08000aae   0x08000aae   0x000000a2   Code   RO         8469    .text               mf_w.l(dsqrt.o)
    0x08000b50   0x08000b50   0x00000024   Code   RO         8471    .text               mc_w.l(init.o)
    0x08000b74   0x08000b74   0x00000056   Code   RO         8481    .text               mc_w.l(__dczerorl2.o)
    0x08000bca   0x08000bca   0x00000002   PAD
    0x08000bcc   0x08000bcc   0x00000054   Code   RO          883    i.AngleInnerConrtol  control.o
    0x08000c20   0x08000c20   0x000000cc   Code   RO          884    i.AngleOuterConrtol  control.o
    0x08000cec   0x08000cec   0x00000066   Code   RO         1977    i.AutoCalPllFactor  system_mm32f327x.o
    0x08000d52   0x08000d52   0x00000002   PAD
    0x08000d54   0x08000d54   0x00000098   Code   RO          885    i.Brake             control.o
    0x08000dec   0x08000dec   0x00000004   Code   RO         1796    i.BusFault_Handler  common.o
    0x08000df0   0x08000df0   0x00000c04   Code   RO         1556    i.Byroad            img_process.o
    0x080019f4   0x080019f4   0x000003d8   Code   RO          886    i.Control           control.o
    0x08001dcc   0x08001dcc   0x000000c0   Code   RO          887    i.Control_init      control.o
    0x08001e8c   0x08001e8c   0x00000042   Code   RO         1978    i.DELAY_xUs         system_mm32f327x.o
    0x08001ece   0x08001ece   0x00000014   Code   RO            4    i.DMA1_Channel1_IRQHandler  isr.o
    0x08001ee2   0x08001ee2   0x00000014   Code   RO            5    i.DMA1_Channel2_IRQHandler  isr.o
    0x08001ef6   0x08001ef6   0x00000016   Code   RO            6    i.DMA1_Channel3_IRQHandler  isr.o
    0x08001f0c   0x08001f0c   0x0000001a   Code   RO            7    i.DMA1_Channel4_IRQHandler  isr.o
    0x08001f26   0x08001f26   0x00000016   Code   RO            8    i.DMA1_Channel5_IRQHandler  isr.o
    0x08001f3c   0x08001f3c   0x00000016   Code   RO            9    i.DMA1_Channel6_IRQHandler  isr.o
    0x08001f52   0x08001f52   0x00000016   Code   RO           10    i.DMA1_Channel7_IRQHandler  isr.o
    0x08001f68   0x08001f68   0x00000018   Code   RO           11    i.DMA2_Channel1_IRQHandler  isr.o
    0x08001f80   0x08001f80   0x00000018   Code   RO           12    i.DMA2_Channel2_IRQHandler  isr.o
    0x08001f98   0x08001f98   0x00000018   Code   RO           13    i.DMA2_Channel3_IRQHandler  isr.o
    0x08001fb0   0x08001fb0   0x00000018   Code   RO           14    i.DMA2_Channel4_IRQHandler  isr.o
    0x08001fc8   0x08001fc8   0x00000018   Code   RO           15    i.DMA2_Channel5_IRQHandler  isr.o
    0x08001fe0   0x08001fe0   0x0000001c   Code   RO         5006    i.DMA_ClearFlag     hal_dma.o
    0x08001ffc   0x08001ffc   0x0000000c   Code   RO         5008    i.DMA_Cmd           hal_dma.o
    0x08002008   0x08002008   0x0000005c   Code   RO         5009    i.DMA_DeInit        hal_dma.o
    0x08002064   0x08002064   0x00000030   Code   RO         5011    i.DMA_GetFlagStatus  hal_dma.o
    0x08002094   0x08002094   0x00000012   Code   RO         5013    i.DMA_ITConfig      hal_dma.o
    0x080020a6   0x080020a6   0x00000046   Code   RO         5014    i.DMA_Init          hal_dma.o
    0x080020ec   0x080020ec   0x00000004   Code   RO         1797    i.DebugMon_Handler  common.o
    0x080020f0   0x080020f0   0x00000150   Code   RO          888    i.DirectionInnerConrtol  control.o
    0x08002240   0x08002240   0x00000108   Code   RO          889    i.DirectionOuterConrtol  control.o
    0x08002348   0x08002348   0x0000000a   Code   RO           16    i.EXTI0_IRQHandler  isr.o
    0x08002352   0x08002352   0x00000070   Code   RO           17    i.EXTI15_10_IRQHandler  isr.o
    0x080023c2   0x080023c2   0x0000000a   Code   RO           18    i.EXTI1_IRQHandler  isr.o
    0x080023cc   0x080023cc   0x0000000a   Code   RO           19    i.EXTI2_IRQHandler  isr.o
    0x080023d6   0x080023d6   0x0000000a   Code   RO           20    i.EXTI3_IRQHandler  isr.o
    0x080023e0   0x080023e0   0x0000000a   Code   RO           21    i.EXTI4_IRQHandler  isr.o
    0x080023ea   0x080023ea   0x00000056   Code   RO           22    i.EXTI9_5_IRQHandler  isr.o
    0x08002440   0x08002440   0x0000000c   Code   RO         5619    i.EXTI_ClearFlag    hal_exti.o
    0x0800244c   0x0800244c   0x00000020   Code   RO         5624    i.EXTI_GetITStatus  hal_exti.o
    0x0800246c   0x0800246c   0x000000d8   Code   RO         5625    i.EXTI_Init         hal_exti.o
    0x08002544   0x08002544   0x0000003c   Code   RO         5626    i.EXTI_LineConfig   hal_exti.o
    0x08002580   0x08002580   0x00000010   Code   RO         5627    i.EXTI_StructInit   hal_exti.o
    0x08002590   0x08002590   0x000000a8   Code   RO         1354    i.Get_AD_data       inductor.o
    0x08002638   0x08002638   0x000000a8   Code   RO         1559    i.Get_Road          img_process.o
    0x080026e0   0x080026e0   0x000000b8   Code   RO         1306    i.Get_acc_data      imu.o
    0x08002798   0x08002798   0x0000006c   Code   RO         1307    i.Get_gyro_data     imu.o
    0x08002804   0x08002804   0x000000cc   Code   RO         1265    i.Get_speed         encoder.o
    0x080028d0   0x080028d0   0x00000004   Code   RO         1798    i.HardFault_Handler  common.o
    0x080028d4   0x080028d4   0x000005a4   Code   RO         1308    i.IMUupdate         imu.o
    0x08002e78   0x08002e78   0x00000048   Code   RO         1355    i.Indoctor_init     inductor.o
    0x08002ec0   0x08002ec0   0x000005d0   Code   RO         1560    i.LeftRound         img_process.o
    0x08003490   0x08003490   0x00000134   Code   RO         1561    i.LeftStraightLineCount  img_process.o
    0x080035c4   0x080035c4   0x00000004   Code   RO         1799    i.MemManage_Handler  common.o
    0x080035c8   0x080035c8   0x0000008c   Code   RO          890    i.MotorConrtol      control.o
    0x08003654   0x08003654   0x0000004c   Code   RO         1430    i.Motor_Init        motor.o
    0x080036a0   0x080036a0   0x000000b8   Code   RO         1431    i.Motor_Run         motor.o
    0x08003758   0x08003758   0x00000004   Code   RO         1800    i.NMI_Handler       common.o
    0x0800375c   0x0800375c   0x0000006c   Code   RO         6339    i.NVIC_Init         hal_misc.o
    0x080037c8   0x080037c8   0x00000004   Code   RO         1801    i.PendSV_Handler    common.o
    0x080037cc   0x080037cc   0x00000020   Code   RO         6492    i.RCC_AHBPeriphClockCmd  hal_rcc.o
    0x080037ec   0x080037ec   0x00000020   Code   RO         6495    i.RCC_APB1PeriphClockCmd  hal_rcc.o
    0x0800380c   0x0800380c   0x00000020   Code   RO         6498    i.RCC_APB2PeriphClockCmd  hal_rcc.o
    0x0800382c   0x0800382c   0x000001e8   Code   RO         1563    i.Ramp              img_process.o
    0x08003a14   0x08003a14   0x000005f8   Code   RO         1564    i.RightRound        img_process.o
    0x0800400c   0x0800400c   0x00000134   Code   RO         1565    i.RightStraightLineCount  img_process.o
    0x08004140   0x08004140   0x00000004   Code   RO         1802    i.SVC_Handler       common.o
    0x08004144   0x08004144   0x00000030   Code   RO         1979    i.SetSysClock       system_mm32f327x.o
    0x08004174   0x08004174   0x000001f4   Code   RO         1980    i.SetSysClockToXX   system_mm32f327x.o
    0x08004368   0x08004368   0x00000184   Code   RO          891    i.SpeedConrtol      control.o
    0x080044ec   0x080044ec   0x00000054   Code   RO          892    i.SpeedSmoothOutput  control.o
    0x08004540   0x08004540   0x00000064   Code   RO         1981    i.SystemInit        system_mm32f327x.o
    0x080045a4   0x080045a4   0x00000014   Code   RO           23    i.TIM1_UP_IRQHandler  isr.o
    0x080045b8   0x080045b8   0x00000012   Code   RO           24    i.TIM2_IRQHandler   isr.o
    0x080045ca   0x080045ca   0x00000002   PAD
    0x080045cc   0x080045cc   0x00000014   Code   RO           25    i.TIM3_IRQHandler   isr.o
    0x080045e0   0x080045e0   0x00000014   Code   RO           26    i.TIM4_IRQHandler   isr.o
    0x080045f4   0x080045f4   0x00000014   Code   RO           27    i.TIM5_IRQHandler   isr.o
    0x08004608   0x08004608   0x0000006c   Code   RO           28    i.TIM6_IRQHandler   isr.o
    0x08004674   0x08004674   0x00000014   Code   RO           29    i.TIM7_IRQHandler   isr.o
    0x08004688   0x08004688   0x0000001c   Code   RO           30    i.TIM8_UP_IRQHandler  isr.o
    0x080046a4   0x080046a4   0x00000016   Code   RO         7354    i.TIM_Cmd           hal_tim.o
    0x080046ba   0x080046ba   0x00000012   Code   RO         7357    i.TIM_DMACmd        hal_tim.o
    0x080046cc   0x080046cc   0x00000020   Code   RO         7361    i.TIM_ETRClockMode1Config  hal_tim.o
    0x080046ec   0x080046ec   0x0000002c   Code   RO         7363    i.TIM_ETRConfig     hal_tim.o
    0x08004718   0x08004718   0x0000000c   Code   RO         7414    i.TIM_SelectInputTrigger  hal_tim.o
    0x08004724   0x08004724   0x0000000c   Code   RO         7415    i.TIM_SelectMasterSlaveMode  hal_tim.o
    0x08004730   0x08004730   0x0000000c   Code   RO         7419    i.TIM_SelectSlaveMode  hal_tim.o
    0x0800473c   0x0800473c   0x00000078   Code   RO         7442    i.TIM_TimeBaseInit  hal_tim.o
    0x080047b4   0x080047b4   0x000007b0   Code   RO         1566    i.TrackBothEdge     img_process.o
    0x08004f64   0x08004f64   0x0000003c   Code   RO           31    i.UART1_IRQHandler  isr.o
    0x08004fa0   0x08004fa0   0x0000003c   Code   RO           32    i.UART2_IRQHandler  isr.o
    0x08004fdc   0x08004fdc   0x0000003c   Code   RO           33    i.UART3_IRQHandler  isr.o
    0x08005018   0x08005018   0x00000040   Code   RO           34    i.UART4_IRQHandler  isr.o
    0x08005058   0x08005058   0x00000034   Code   RO           35    i.UART5_IRQHandler  isr.o
    0x0800508c   0x0800508c   0x0000003c   Code   RO           36    i.UART6_IRQHandler  isr.o
    0x080050c8   0x080050c8   0x0000003c   Code   RO           37    i.UART7_IRQHandler  isr.o
    0x08005104   0x08005104   0x00000040   Code   RO           38    i.UART8_IRQHandler  isr.o
    0x08005144   0x08005144   0x00000004   Code   RO         1803    i.UsageFault_Handler  common.o
    0x08005148   0x08005148   0x00000090   Code   RO         1567    i.VariableReset     img_process.o
    0x080051d8   0x080051d8   0x00000754   Code   RO         1568    i.Zebra             img_process.o
    0x0800592c   0x0800592c   0x00000028   Code   RO         8429    i.__ARM_fpclassify  m_ws.l(fpclassify.o)
    0x08005954   0x08005954   0x000000aa   Code   RO         8431    i.__kernel_poly     m_ws.l(poly.o)
    0x080059fe   0x080059fe   0x00000006   Code   RO         8416    i.__mathlib_dbl_infnan  m_ws.l(dunder.o)
    0x08005a04   0x08005a04   0x0000000c   Code   RO         8418    i.__mathlib_dbl_invalid  m_ws.l(dunder.o)
    0x08005a10   0x08005a10   0x00000010   Code   RO         8421    i.__mathlib_dbl_underflow  m_ws.l(dunder.o)
    0x08005a20   0x08005a20   0x0000000e   Code   RO         8475    i.__scatterload_copy  mc_w.l(handlers.o)
    0x08005a2e   0x08005a2e   0x00000002   Code   RO         8476    i.__scatterload_null  mc_w.l(handlers.o)
    0x08005a30   0x08005a30   0x0000000e   Code   RO         8477    i.__scatterload_zeroinit  mc_w.l(handlers.o)
    0x08005a3e   0x08005a3e   0x00000002   PAD
    0x08005a40   0x08005a40   0x0000000c   Code   RO         8455    i.__set_errno       mc_w.l(errno.o)
    0x08005a4c   0x08005a4c   0x00000068   Code   RO         2032    i.adc_convert       zf_adc.o
    0x08005ab4   0x08005ab4   0x00000104   Code   RO         2033    i.adc_init          zf_adc.o
    0x08005bb8   0x08005bb8   0x0000001a   Code   RO         2035    i.adc_pin_init      zf_adc.o
    0x08005bd2   0x08005bd2   0x00000002   PAD
    0x08005bd4   0x08005bd4   0x000000e4   Code   RO         2230    i.afio_init         zf_gpio.o
    0x08005cb8   0x08005cb8   0x0000002a   Code   RO         1396    i.allInit           init.o
    0x08005ce2   0x08005ce2   0x00000002   PAD
    0x08005ce4   0x08005ce4   0x00000270   Code   RO         8351    i.asin              m_ws.l(asin.o)
    0x08005f54   0x08005f54   0x00000058   Code   RO         1569    i.bend_detect       img_process.o
    0x08005fac   0x08005fac   0x00000018   Code   RO         1761    i.board_init        board.o
    0x08005fc4   0x08005fc4   0x0000007a   Code   RO         2079    i.camera_dma_init   zf_camera.o
    0x0800603e   0x0800603e   0x00000002   PAD
    0x08006040   0x08006040   0x0000011c   Code   RO         2080    i.camera_tim_etr_init  zf_camera.o
    0x0800615c   0x0800615c   0x00000020   Code   RO         1266    i.encoder_init      encoder.o
    0x0800617c   0x0800617c   0x000000a0   Code   RO         1570    i.erchengfa         img_process.o
    0x0800621c   0x0800621c   0x00000058   Code   RO         1571    i.err_calculation   img_process.o
    0x08006274   0x08006274   0x000000d4   Code   RO         2114    i.exti_interrupt_init  zf_exti.o
    0x08006348   0x08006348   0x00000068   Code   RO         3676    i.get_config        seekfree_mt9v03x.o
    0x080063b0   0x080063b0   0x00000054   Code   RO         2979    i.get_icm20602_accdata_spi  seekfree_icm20602.o
    0x08006404   0x08006404   0x00000054   Code   RO         2981    i.get_icm20602_gyro_spi  seekfree_icm20602.o
    0x08006458   0x08006458   0x0000014c   Code   RO         2233    i.gpio_init         zf_gpio.o
    0x080065a4   0x080065a4   0x000000bc   Code   RO         1572    i.grey_scale        img_process.o
    0x08006660   0x08006660   0x000000cc   Code   RO         2983    i.icm20602_init_spi  seekfree_icm20602.o
    0x0800672c   0x0800672c   0x00000020   Code   RO         2985    i.icm20602_self3_check  seekfree_icm20602.o
    0x0800674c   0x0800674c   0x0000004c   Code   RO         2986    i.icm_spi_r_reg_byte  seekfree_icm20602.o
    0x08006798   0x08006798   0x00000038   Code   RO         2987    i.icm_spi_r_reg_bytes  seekfree_icm20602.o
    0x080067d0   0x080067d0   0x00000040   Code   RO         2988    i.icm_spi_w_reg_byte  seekfree_icm20602.o
    0x08006810   0x08006810   0x00000030   Code   RO         3149    i.ips114_clear      seekfree_ips114_spi.o
    0x08006840   0x08006840   0x000000d0   Code   RO         3151    i.ips114_displayimage032  seekfree_ips114_spi.o
    0x08006910   0x08006910   0x0000001c   Code   RO         3157    i.ips114_drawpoint  seekfree_ips114_spi.o
    0x0800692c   0x0800692c   0x00000204   Code   RO         3158    i.ips114_init       seekfree_ips114_spi.o
    0x08006b30   0x08006b30   0x0000004a   Code   RO         3159    i.ips114_set_region  seekfree_ips114_spi.o
    0x08006b7a   0x08006b7a   0x00000002   PAD
    0x08006b7c   0x08006b7c   0x00000070   Code   RO         3160    i.ips114_showchar   seekfree_ips114_spi.o
    0x08006bec   0x08006bec   0x000000c0   Code   RO         3161    i.ips114_showfloat  seekfree_ips114_spi.o
    0x08006cac   0x08006cac   0x000000c2   Code   RO         3162    i.ips114_showint16  seekfree_ips114_spi.o
    0x08006d6e   0x08006d6e   0x00000032   Code   RO         3165    i.ips114_showstr    seekfree_ips114_spi.o
    0x08006da0   0x08006da0   0x00000044   Code   RO         3168    i.ips114_writeData  seekfree_ips114_spi.o
    0x08006de4   0x08006de4   0x00000044   Code   RO         3169    i.ips114_writeIndex  seekfree_ips114_spi.o
    0x08006e28   0x08006e28   0x00000054   Code   RO         3170    i.ips114_writedata_16bit  seekfree_ips114_spi.o
    0x08006e7c   0x08006e7c   0x00000164   Code   RO          555    i.main              main.o
    0x08006fe0   0x08006fe0   0x00000020   Code   RO         3678    i.mt9v03x_dma       seekfree_mt9v03x.o
    0x08007000   0x08007000   0x00000050   Code   RO         3679    i.mt9v03x_dma_init  seekfree_mt9v03x.o
    0x08007050   0x08007050   0x00000028   Code   RO         3680    i.mt9v03x_exti_init  seekfree_mt9v03x.o
    0x08007078   0x08007078   0x0000007c   Code   RO         3681    i.mt9v03x_init      seekfree_mt9v03x.o
    0x080070f4   0x080070f4   0x0000000e   Code   RO         3682    i.mt9v03x_tim1_etr_init  seekfree_mt9v03x.o
    0x08007102   0x08007102   0x00000002   PAD
    0x08007104   0x08007104   0x00000054   Code   RO         3683    i.mt9v03x_uart_callback  seekfree_mt9v03x.o
    0x08007158   0x08007158   0x00000018   Code   RO         3684    i.mt9v03x_vsync     seekfree_mt9v03x.o
    0x08007170   0x08007170   0x00000088   Code   RO         1887    i.number_conversion_ascii  seekfree_printf.o
    0x080071f8   0x080071f8   0x00000024   Code   RO         1804    i.nvic_init         common.o
    0x0800721c   0x0800721c   0x00000012   Code   RO         1397    i.openIsr           init.o
    0x0800722e   0x0800722e   0x00000022   Code   RO         1888    i.printf_reverse_order  seekfree_printf.o
    0x08007250   0x08007250   0x000000b0   Code   RO         2339    i.pwm_duty_updata   zf_pwm.o
    0x08007300   0x08007300   0x00000288   Code   RO         2341    i.pwm_init          zf_pwm.o
    0x08007588   0x08007588   0x00000014   Code   RO         2342    i.pwm_pin_init      zf_pwm.o
    0x0800759c   0x0800759c   0x0000001c   Code   RO         4092    i.seekfree_wireless_init  seekfree_wireless.o
    0x080075b8   0x080075b8   0x00000078   Code   RO         3686    i.set_config        seekfree_mt9v03x.o
    0x08007630   0x08007630   0x000001c0   Code   RO         2385    i.spi_init          zf_spi.o
    0x080077f0   0x080077f0   0x00000050   Code   RO         2386    i.spi_mosi          zf_spi.o
    0x08007840   0x08007840   0x00000058   Code   RO         2387    i.spi_pin_init      zf_spi.o
    0x08007898   0x08007898   0x0000004c   Code   RO         8361    i.sqrt              m_ws.l(sqrt.o)
    0x080078e4   0x080078e4   0x00000026   Code   RO         2426    i.systick_delay     zf_systick.o
    0x0800790a   0x0800790a   0x00000002   PAD
    0x0800790c   0x0800790c   0x00000028   Code   RO         2427    i.systick_delay_ms  zf_systick.o
    0x08007934   0x08007934   0x00000034   Code   RO         2482    i.tim_encoder_get_count  zf_tim.o
    0x08007968   0x08007968   0x000000f0   Code   RO         2483    i.tim_encoder_init  zf_tim.o
    0x08007a58   0x08007a58   0x00000014   Code   RO         2484    i.tim_encoder_pin_init  zf_tim.o
    0x08007a6c   0x08007a6c   0x000000f8   Code   RO         2293    i.tim_interrupt_init_ms  zf_pit.o
    0x08007b64   0x08007b64   0x00000194   Code   RO         2550    i.uart_init         zf_uart.o
    0x08007cf8   0x08007cf8   0x00000024   Code   RO         2551    i.uart_pin_init     zf_uart.o
    0x08007d1c   0x08007d1c   0x00000030   Code   RO         2552    i.uart_putbuff      zf_uart.o
    0x08007d4c   0x08007d4c   0x00000020   Code   RO         2553    i.uart_putchar      zf_uart.o
    0x08007d6c   0x08007d6c   0x0000004c   Code   RO         2556    i.uart_rx_irq       zf_uart.o
    0x08007db8   0x08007db8   0x00000064   Code   RO         1492    i.vcan_sendware     vcan.o
    0x08007e1c   0x08007e1c   0x00000044   Code   RO         4094    i.wireless_uart_callback  seekfree_wireless.o
    0x08007e60   0x08007e60   0x000002e4   Code   RO         1889    i.zf_sprintf        seekfree_printf.o
    0x08008144   0x08008144   0x00001b88   Data   RO         2954    .constdata          seekfree_font.o
    0x08009ccc   0x08009ccc   0x00000004   PAD
    0x08009cd0   0x08009cd0   0x00000050   Data   RO         8352    .constdata          m_ws.l(asin.o)
    0x08009d20   0x08009d20   0x00000020   Data   RO         8473    Region$$Table       anon$$obj.o


    Execution Region RW_IRAM1 (Exec base: 0x20000000, Load base: 0x08009d40, Size: 0x000032c8, Max: 0x00020000, ABSOLUTE, COMPRESSED[0x00000120])

    Exec Addr    Load Addr    Size         Type   Attr      Idx    E Section Name        Object

    0x20000000   COMPRESSED   0x00000009   Data   RW           39    .data               isr.o
    0x20000009   COMPRESSED   0x0000000a   Data   RW          556    .data               main.o
    0x20000013   COMPRESSED   0x00000001   PAD
    0x20000014   COMPRESSED   0x00000018   Data   RW          894    .data               control.o
    0x2000002c   COMPRESSED   0x0000000a   Data   RW         1267    .data               encoder.o
    0x20000036   COMPRESSED   0x00000002   PAD
    0x20000038   COMPRESSED   0x00000048   Data   RW         1310    .data               imu.o
    0x20000080   COMPRESSED   0x00000118   Data   RW         1575    .data               img_process.o
    0x20000198   COMPRESSED   0x00000008   Data   RW         1807    .data               common.o
    0x200001a0   COMPRESSED   0x00000014   Data   RW         1982    .data               system_mm32f327x.o
    0x200001b4   COMPRESSED   0x0000000f   Data   RW         2036    .data               zf_adc.o
    0x200001c3   COMPRESSED   0x00000001   PAD
    0x200001c4   COMPRESSED   0x00000020   Data   RW         2236    .data               zf_gpio.o
    0x200001e4   COMPRESSED   0x0000000c   Data   RW         2388    .data               zf_spi.o
    0x200001f0   COMPRESSED   0x00000020   Data   RW         2486    .data               zf_tim.o
    0x20000210   COMPRESSED   0x00000028   Data   RW         2558    .data               zf_uart.o
    0x20000238   COMPRESSED   0x0000000c   Data   RW         2989    .data               seekfree_icm20602.o
    0x20000244   COMPRESSED   0x0000004a   Data   RW         3690    .data               seekfree_mt9v03x.o
    0x2000028e   COMPRESSED   0x00000002   Data   RW         4096    .data               seekfree_wireless.o
    0x20000290   COMPRESSED   0x00000004   Data   RW         8456    .data               mc_w.l(errno.o)
    0x20000294        -       0x000000b8   Zero   RW          893    .bss                control.o
    0x2000034c        -       0x00000052   Zero   RW         1356    .bss                inductor.o
    0x2000039e   COMPRESSED   0x00000002   PAD
    0x200003a0        -       0x00000030   Zero   RW         1493    .bss                vcan.o
    0x200003d0        -       0x000000b4   Zero   RW         1574    .bss                img_process.o
    0x20000484        -       0x00002a30   Zero   RW         3689    .bss                seekfree_mt9v03x.o
    0x20002eb4        -       0x00000010   Zero   RW         4095    .bss                seekfree_wireless.o
    0x20002ec4   COMPRESSED   0x00000004   PAD
    0x20002ec8        -       0x00000400   Zero   RW         2022    STACK               startup_mm32f327x_keil.o


==============================================================================

Image component sizes


      Code (inc. data)   RO Data    RW Data    ZI Data      Debug   Object Name

        24          0          0          0          0        609   board.o
        68          0          0          8          0       8275   common.o
      2828        392          0         24        184      12108   control.o
       236         34          0         10          0       1951   encoder.o
       268         26          0          0          0       8137   hal_dma.o
       336         20          0          0          0       5888   hal_exti.o
       108         12          0          0          0       1248   hal_misc.o
        96         18          0          0          0       1922   hal_rcc.o
       272         22          0          0          0      13007   hal_tim.o
     11876        862          0        280        180      17829   img_process.o
      1736        152          0         72          0       3015   imu.o
       240         24          0          0         82       2225   inductor.o
        60          0          0          0          0        980   init.o
      1256        120          0          9          0     150981   isr.o
       356         62          0         10          0       5453   main.o
       260          4          0          0          0       1745   motor.o
         0          0       7048          0          0       1165   seekfree_font.o
       600         42          0         12          0       5004   seekfree_icm20602.o
      1642         46          0          0          0       9862   seekfree_ips114_spi.o
       622         86          0         74      10800       6878   seekfree_mt9v03x.o
       910          4          0          0          0      16631   seekfree_printf.o
        96         16          0          2         16       2237   seekfree_wireless.o
        36          8        400          0       1024        916   startup_mm32f327x_keil.o
       816         60          0         20          0       4708   system_mm32f327x.o
       100         10          0          0         48       1611   vcan.o
       390         22          0         15          0       4260   zf_adc.o
       406          4          0          0          0       2220   zf_camera.o
       212          6          0          0          0        946   zf_exti.o
       560         20          0         32          0       3773   zf_gpio.o
       248         22          0          0          0        996   zf_pit.o
       844         24          0          0          0       2373   zf_pwm.o
       616         18          0         12          0       4682   zf_spi.o
        78          6          0          0          0       1179   zf_systick.o
       312         14          0         32          0       3879   zf_tim.o
       596         40          0         40          0       5550   zf_uart.o

    ----------------------------------------------------------------------
     29120       2196       7484        656      12340     314243   Object Totals
         0          0         32          0          0          0   (incl. Generated)
        16          0          4          4          6          0   (incl. Padding)

    ----------------------------------------------------------------------

      Code (inc. data)   RO Data    RW Data    ZI Data      Debug   Library Member Name

       624         52         80          0          0        168   asin.o
        34          6          0          0          0        204   dunder.o
        40          0          0          0          0         68   fpclassify.o
       170          0          0          0          0         96   poly.o
        76          0          0          0          0         84   sqrt.o
        86          0          0          0          0          0   __dczerorl2.o
         0          0          0          0          0          0   entry.o
         0          0          0          0          0          0   entry10a.o
         0          0          0          0          0          0   entry11a.o
         8          4          0          0          0          0   entry2.o
         4          0          0          0          0          0   entry5.o
         0          0          0          0          0          0   entry7b.o
         0          0          0          0          0          0   entry8b.o
         8          4          0          0          0          0   entry9a.o
        12          6          0          4          0         68   errno.o
        30          0          0          0          0          0   handlers.o
        36          8          0          0          0         68   init.o
         0          0          0          0          0          0   iusefp.o
        30          0          0          0          0         68   llshl.o
        36          0          0          0          0         68   llsshr.o
        32          0          0          0          0         68   llushr.o
        36          0          0          0          0         68   memcpya.o
        98          0          0          0          0         92   uldiv.o
        48          0          0          0          0         68   cdcmple.o
        48          0          0          0          0         68   cdrcmple.o
        20          0          0          0          0         68   cfcmple.o
        20          0          0          0          0         68   cfrcmple.o
        56          0          0          0          0         88   d2f.o
       334          0          0          0          0        148   dadd.o
       222          0          0          0          0        100   ddiv.o
       186          0          0          0          0        176   depilogue.o
        62          0          0          0          0         80   dfixi.o
        50          0          0          0          0         76   dfixui.o
        34          0          0          0          0         76   dflti.o
        26          0          0          0          0         76   dfltui.o
       228          0          0          0          0         96   dmul.o
        46          0          0          0          0         80   dscalb.o
       162          0          0          0          0        100   dsqrt.o
        38          0          0          0          0         68   f2d.o
       176          0          0          0          0        140   fadd.o
       124          0          0          0          0         88   fdiv.o
       110          0          0          0          0        168   fepilogue.o
        50          0          0          0          0         68   ffixi.o
        40          0          0          0          0         68   ffixui.o
        18          0          0          0          0         68   fflti.o
        10          0          0          0          0         68   ffltui.o
       100          0          0          0          0         76   fmul.o

    ----------------------------------------------------------------------
      3572         80         80          4          0       3300   Library Totals
         4          0          0          0          0          0   (incl. Padding)

    ----------------------------------------------------------------------

      Code (inc. data)   RO Data    RW Data    ZI Data      Debug   Library Name

       944         58         80          0          0        620   m_ws.l
       416         22          0          4          0        500   mc_w.l
      2208          0          0          0          0       2180   mf_w.l

    ----------------------------------------------------------------------
      3572         80         80          4          0       3300   Library Totals

    ----------------------------------------------------------------------

==============================================================================


      Code (inc. data)   RO Data    RW Data    ZI Data      Debug   

     32692       2276       7564        660      12340     307375   Grand Totals
     32692       2276       7564        288      12340     307375   ELF Image Totals (compressed)
     32692       2276       7564        288          0          0   ROM Totals

==============================================================================

    Total RO  Size (Code + RO Data)                40256 (  39.31kB)
    Total RW  Size (RW Data + ZI Data)             13000 (  12.70kB)
    Total ROM Size (Code + RO Data + RW Data)      40544 (  39.59kB)

==============================================================================

